Archive member included to satisfy reference by file (symbol)

/home/nathan/Desktop/homework_7/lib_projc.a(alarm.o)
                              obj/Release/main.o (alarm_init)
/home/nathan/Desktop/homework_7/lib_projc.a(config.o)
                              obj/Release/util.o (config_set_modified)
/home/nathan/Desktop/homework_7/lib_projc.a(delay.o)
                              obj/Release/main.o (delay_isdone)
/home/nathan/Desktop/homework_7/lib_projc.a(eeprom.o)
                              /home/nathan/Desktop/homework_7/lib_projc.a(config.o) (eeprom_writebuf)
/home/nathan/Desktop/homework_7/lib_projc.a(led.o)
                              obj/Release/main.o (led_init)
/home/nathan/Desktop/homework_7/lib_projc.a(log.o)
                              obj/Release/main.o (log_init)
/home/nathan/Desktop/homework_7/lib_projc.a(rtc.o)
                              obj/Release/main.o (rtc_init)
/home/nathan/Desktop/homework_7/lib_projc.a(str.o)
                              /home/nathan/Desktop/homework_7/lib_projc.a(rtc.o) (str_cpy)
/home/nathan/Desktop/homework_7/lib_projc.a(temp.o)
                              obj/Release/main.o (temp_init)
/home/nathan/Desktop/homework_7/lib_projc.a(timer1.o)
                              /home/nathan/Desktop/homework_7/lib_projc.a(rtc.o) (timer1_init)
/home/nathan/Desktop/homework_7/lib_projc.a(uart.o)
                              obj/Release/main.o (uart_init)
/home/nathan/Desktop/homework_7/lib_projc.a(uartsocket.o)
                              obj/Release/main.o (uartsocket_writestr)
/home/nathan/Desktop/homework_7/lib_projc.a(util.o)
                              /home/nathan/Desktop/homework_7/lib_projc.a(uartsocket.o) (str_cmp)
/home/nathan/Desktop/homework_7/lib_projc.a(vpd.o)
                              /home/nathan/Desktop/homework_7/lib_projc.a(uartsocket.o) (vpd)
/home/nathan/Desktop/homework_7/lib_projc.a(serial.o)
                              /home/nathan/Desktop/homework_7/lib_projc.a(uart.o) (serial_init)
/usr/lib/gcc/avr/5.4.0/avr5/libgcc.a(_mulsi3.o)
                              /home/nathan/Desktop/homework_7/lib_projc.a(rtc.o) (__mulsi3)
/usr/lib/gcc/avr/5.4.0/avr5/libgcc.a(_udivmodhi4.o)
                              /home/nathan/Desktop/homework_7/lib_projc.a(rtc.o) (__udivmodhi4)
/usr/lib/gcc/avr/5.4.0/avr5/libgcc.a(_divmodhi4.o)
                              /home/nathan/Desktop/homework_7/lib_projc.a(log.o) (__divmodhi4)
/usr/lib/gcc/avr/5.4.0/avr5/libgcc.a(_udivmodsi4.o)
                              /home/nathan/Desktop/homework_7/lib_projc.a(rtc.o) (__udivmodsi4)
/usr/lib/gcc/avr/5.4.0/avr5/libgcc.a(_divmodsi4.o)
                              /home/nathan/Desktop/homework_7/lib_projc.a(temp.o) (__divmodsi4)
/usr/lib/gcc/avr/5.4.0/avr5/libgcc.a(_negsi2.o)
                              /usr/lib/gcc/avr/5.4.0/avr5/libgcc.a(_divmodsi4.o) (__negsi2)
/usr/lib/gcc/avr/5.4.0/avr5/libgcc.a(_exit.o)
                              /usr/lib/gcc/avr/5.4.0/../../../avr/lib/avr5/crtatmega328p.o (exit)
/usr/lib/gcc/avr/5.4.0/avr5/libgcc.a(_tablejump2.o)
                              obj/Release/tempfsm.o (__tablejump2__)
/usr/lib/gcc/avr/5.4.0/avr5/libgcc.a(_copy_data.o)
                              obj/Release/main.o (__do_copy_data)
/usr/lib/gcc/avr/5.4.0/avr5/libgcc.a(_clear_bss.o)
                              obj/Release/tempfsm.o (__do_clear_bss)
/usr/lib/gcc/avr/5.4.0/avr5/libgcc.a(_umulhisi3.o)
                              /home/nathan/Desktop/homework_7/lib_projc.a(rtc.o) (__umulhisi3)
/usr/lib/gcc/avr/5.4.0/avr5/libgcc.a(_muluhisi3.o)
                              /home/nathan/Desktop/homework_7/lib_projc.a(rtc.o) (__muluhisi3)

Allocating common symbols
Common symbol       size              file

rxbuf               0x40              /home/nathan/Desktop/homework_7/lib_projc.a(serial.o)
write_busy          0x1               /home/nathan/Desktop/homework_7/lib_projc.a(eeprom.o)
vpd                 0x37              /home/nathan/Desktop/homework_7/lib_projc.a(vpd.o)
writeaddr           0x2               /home/nathan/Desktop/homework_7/lib_projc.a(eeprom.o)
rtc_base            0x4               /home/nathan/Desktop/homework_7/lib_projc.a(rtc.o)
writesize           0x1               /home/nathan/Desktop/homework_7/lib_projc.a(eeprom.o)
state               0x1               obj/Release/tempfsm.o
writebuf            0x40              /home/nathan/Desktop/homework_7/lib_projc.a(eeprom.o)
txbuf               0x40              /home/nathan/Desktop/homework_7/lib_projc.a(serial.o)
bufidx              0x1               /home/nathan/Desktop/homework_7/lib_projc.a(eeprom.o)
config              0x12              /home/nathan/Desktop/homework_7/lib_projc.a(config.o)

Memory Configuration

Name             Origin             Length             Attributes
text             0x0000000000000000 0x0000000000020000 xr
data             0x0000000000800060 0x000000000000ffa0 rw !x
eeprom           0x0000000000810000 0x0000000000010000 rw !x
fuse             0x0000000000820000 0x0000000000000003 rw !x
lock             0x0000000000830000 0x0000000000000400 rw !x
signature        0x0000000000840000 0x0000000000000400 rw !x
user_signatures  0x0000000000850000 0x0000000000000400 rw !x
*default*        0x0000000000000000 0xffffffffffffffff

Linker script and memory map

Address of section .data set to 0x800100
LOAD /usr/lib/gcc/avr/5.4.0/../../../avr/lib/avr5/crtatmega328p.o
LOAD obj/Release/main.o
LOAD obj/Release/tempfsm.o
LOAD obj/Release/util.o
LOAD obj/Release/wdt.o
LOAD /home/nathan/Desktop/homework_7/lib_projc.a
LOAD /usr/lib/gcc/avr/5.4.0/avr5/libgcc.a
LOAD /usr/lib/gcc/avr/5.4.0/../../../avr/lib/avr5/libm.a
START GROUP
LOAD /usr/lib/gcc/avr/5.4.0/avr5/libgcc.a
LOAD /usr/lib/gcc/avr/5.4.0/../../../avr/lib/avr5/libm.a
LOAD /usr/lib/gcc/avr/5.4.0/../../../avr/lib/avr5/libc.a
LOAD /usr/lib/gcc/avr/5.4.0/../../../avr/lib/avr5/libatmega328p.a
END GROUP
                0x0000000000020000                __TEXT_REGION_LENGTH__ = DEFINED (__TEXT_REGION_LENGTH__)?__TEXT_REGION_LENGTH__:0x20000
                0x000000000000ffa0                __DATA_REGION_LENGTH__ = DEFINED (__DATA_REGION_LENGTH__)?__DATA_REGION_LENGTH__:0xffa0
                0x0000000000010000                __EEPROM_REGION_LENGTH__ = DEFINED (__EEPROM_REGION_LENGTH__)?__EEPROM_REGION_LENGTH__:0x10000
                [0x0000000000000003]                __FUSE_REGION_LENGTH__ = DEFINED (__FUSE_REGION_LENGTH__)?__FUSE_REGION_LENGTH__:0x400
                0x0000000000000400                __LOCK_REGION_LENGTH__ = DEFINED (__LOCK_REGION_LENGTH__)?__LOCK_REGION_LENGTH__:0x400
                0x0000000000000400                __SIGNATURE_REGION_LENGTH__ = DEFINED (__SIGNATURE_REGION_LENGTH__)?__SIGNATURE_REGION_LENGTH__:0x400
                0x0000000000000400                __USER_SIGNATURE_REGION_LENGTH__ = DEFINED (__USER_SIGNATURE_REGION_LENGTH__)?__USER_SIGNATURE_REGION_LENGTH__:0x400

.hash
 *(.hash)

.dynsym
 *(.dynsym)

.dynstr
 *(.dynstr)

.gnu.version
 *(.gnu.version)

.gnu.version_d
 *(.gnu.version_d)

.gnu.version_r
 *(.gnu.version_r)

.rel.init
 *(.rel.init)

.rela.init
 *(.rela.init)

.rel.text
 *(.rel.text)
 *(.rel.text.*)
 *(.rel.gnu.linkonce.t*)

.rela.text
 *(.rela.text)
 *(.rela.text.*)
 *(.rela.gnu.linkonce.t*)

.rel.fini
 *(.rel.fini)

.rela.fini
 *(.rela.fini)

.rel.rodata
 *(.rel.rodata)
 *(.rel.rodata.*)
 *(.rel.gnu.linkonce.r*)

.rela.rodata
 *(.rela.rodata)
 *(.rela.rodata.*)
 *(.rela.gnu.linkonce.r*)

.rel.data
 *(.rel.data)
 *(.rel.data.*)
 *(.rel.gnu.linkonce.d*)

.rela.data
 *(.rela.data)
 *(.rela.data.*)
 *(.rela.gnu.linkonce.d*)

.rel.ctors
 *(.rel.ctors)

.rela.ctors
 *(.rela.ctors)

.rel.dtors
 *(.rel.dtors)

.rela.dtors
 *(.rela.dtors)

.rel.got
 *(.rel.got)

.rela.got
 *(.rela.got)

.rel.bss
 *(.rel.bss)

.rela.bss
 *(.rela.bss)

.rel.plt
 *(.rel.plt)

.rela.plt
 *(.rela.plt)

.text           0x0000000000000000     0x27c2
 *(.vectors)
 .vectors       0x0000000000000000       0x68 /usr/lib/gcc/avr/5.4.0/../../../avr/lib/avr5/crtatmega328p.o
                0x0000000000000000                __vectors
                0x0000000000000000                __vector_default
 *(.vectors)
 *(.progmem.gcc*)
 .progmem.gcc_sw_table
                0x0000000000000068       0x12 obj/Release/tempfsm.o
                0x000000000000007a                . = ALIGN (0x2)
                0x000000000000007a                __trampolines_start = .
 *(.trampolines)
 .trampolines   0x000000000000007a        0x0 linker stubs
 *(.trampolines*)
                0x000000000000007a                __trampolines_end = .
 *libprintf_flt.a:*(.progmem.data)
 *libc.a:*(.progmem.data)
 *(.progmem*)
                0x000000000000007a                . = ALIGN (0x2)
 *(.jumptables)
 *(.jumptables*)
 *(.lowtext)
 *(.lowtext*)
                0x000000000000007a                __ctors_start = .
 *(.ctors)
                0x000000000000007a                __ctors_end = .
                0x000000000000007a                __dtors_start = .
 *(.dtors)
                0x000000000000007a                __dtors_end = .
 SORT(*)(.ctors)
 SORT(*)(.dtors)
 *(.init0)
 .init0         0x000000000000007a        0x0 /usr/lib/gcc/avr/5.4.0/../../../avr/lib/avr5/crtatmega328p.o
                0x000000000000007a                __init
 *(.init0)
 *(.init1)
 *(.init1)
 *(.init2)
 .init2         0x000000000000007a        0xc /usr/lib/gcc/avr/5.4.0/../../../avr/lib/avr5/crtatmega328p.o
 *(.init2)
 *(.init3)
 *(.init3)
 *(.init4)
 .init4         0x0000000000000086       0x16 /usr/lib/gcc/avr/5.4.0/avr5/libgcc.a(_copy_data.o)
                0x0000000000000086                __do_copy_data
 .init4         0x000000000000009c       0x10 /usr/lib/gcc/avr/5.4.0/avr5/libgcc.a(_clear_bss.o)
                0x000000000000009c                __do_clear_bss
 *(.init4)
 *(.init5)
 *(.init5)
 *(.init6)
 *(.init6)
 *(.init7)
 *(.init7)
 *(.init8)
 *(.init8)
 *(.init9)
 .init9         0x00000000000000ac        0x8 /usr/lib/gcc/avr/5.4.0/../../../avr/lib/avr5/crtatmega328p.o
 *(.init9)
 *(.text)
 .text          0x00000000000000b4        0x4 /usr/lib/gcc/avr/5.4.0/../../../avr/lib/avr5/crtatmega328p.o
                0x00000000000000b4                __vector_1
                0x00000000000000b4                __vector_24
                0x00000000000000b4                __vector_12
                0x00000000000000b4                __bad_interrupt
                0x00000000000000b4                __vector_3
                0x00000000000000b4                __vector_23
                0x00000000000000b4                __vector_25
                0x00000000000000b4                __vector_13
                0x00000000000000b4                __vector_17
                0x00000000000000b4                __vector_7
                0x00000000000000b4                __vector_5
                0x00000000000000b4                __vector_4
                0x00000000000000b4                __vector_9
                0x00000000000000b4                __vector_2
                0x00000000000000b4                __vector_21
                0x00000000000000b4                __vector_15
                0x00000000000000b4                __vector_8
                0x00000000000000b4                __vector_10
                0x00000000000000b4                __vector_16
                0x00000000000000b4                __vector_20
 .text          0x00000000000000b8        0x0 obj/Release/main.o
 .text          0x00000000000000b8      0x1bc obj/Release/tempfsm.o
                0x00000000000000b8                tempfsm_init
                0x00000000000000bc                state_hi_crit
                0x00000000000000ec                state_hi_warn
                0x000000000000012e                state_norm
                0x000000000000016e                state_lo_crit
                0x000000000000019e                state_lo_warn
                0x00000000000001da                tempfsm_update
                0x000000000000026e                tempfsm_reset
 .text          0x0000000000000274       0xcc obj/Release/util.o
                0x0000000000000274                update_tcrit_hi
                0x00000000000002a6                update_twarn_hi
                0x00000000000002de                update_tcrit_lo
                0x0000000000000308                update_twarn_lo
 .text          0x0000000000000340       0x92 obj/Release/wdt.o
                0x0000000000000340                wdt_init
                0x0000000000000352                wdt_reset
                0x0000000000000354                wdt_force_restart
                0x0000000000000378                __vector_6
 .text          0x00000000000003d2       0x26 /home/nathan/Desktop/homework_7/lib_projc.a(alarm.o)
                0x00000000000003d2                alarm_init
                0x00000000000003d4                alarm_send
 .text          0x00000000000003f8       0xf0 /home/nathan/Desktop/homework_7/lib_projc.a(config.o)
                0x00000000000003f8                config_set_modified
                0x0000000000000400                config_is_data_valid
                0x0000000000000440                config_write_defaults
                0x000000000000045a                config_init
                0x0000000000000490                config_update
                0x00000000000004c0                config_update_noisr
 .text          0x00000000000004e8      0x19e /home/nathan/Desktop/homework_7/lib_projc.a(delay.o)
                0x00000000000004e8                __vector_14
                0x000000000000058a                delay_init
                0x00000000000005ae                delay_get
                0x00000000000005ce                delay_isdone
                0x0000000000000600                delay_set
                0x0000000000000654                millis
 .text          0x0000000000000686      0x12c /home/nathan/Desktop/homework_7/lib_projc.a(eeprom.o)
                0x0000000000000686                eeprom_startwrite
                0x000000000000068c                __vector_22
                0x0000000000000718                eeprom_writebuf
                0x0000000000000752                eeprom_writebuf_noisr
                0x0000000000000780                eeprom_readbuf
                0x00000000000007aa                eeprom_isbusy
 .text          0x00000000000007b2       0xfc /home/nathan/Desktop/homework_7/lib_projc.a(led.o)
                0x00000000000007b2                led_init
                0x00000000000007c4                led_on
                0x00000000000007c8                led_off
                0x00000000000007cc                led_set_blink
                0x00000000000007f0                led_update
                0x00000000000008a4                led_is_on
 .text          0x00000000000008ae      0x43c /home/nathan/Desktop/homework_7/lib_projc.a(log.o)
                0x00000000000008ae                log_is_data_valid
                0x00000000000008fa                log_init
                0x0000000000000a84                log_update
                0x0000000000000af0                log_update_noisr
                0x0000000000000b54                log_add_record
                0x0000000000000bf6                log_clear
                0x0000000000000c30                log_get_num_entries
                0x0000000000000c62                log_get_record
 .text          0x0000000000000cea      0x5d8 /home/nathan/Desktop/homework_7/lib_projc.a(rtc.o)
                0x0000000000000cea                rtc_init
                0x0000000000000cee                rtc_get_date
                0x0000000000000cf2                rtc_set_date
                0x0000000000000d06                is_leapyear
                0x0000000000000d3a                rtc_set_by_datestr
                0x0000000000001004                get_month
                0x0000000000001094                rtc_num2datestr
                0x000000000000129a                rtc_get_date_string
 .text          0x00000000000012c2      0x144 /home/nathan/Desktop/homework_7/lib_projc.a(str.o)
                0x00000000000012c2                mem_cpy
                0x00000000000012da                mem_set
                0x00000000000012ee                mem_cmp
                0x000000000000131c                str_cpy
                0x0000000000001330                str_len
                0x0000000000001342                str_writeudec16
 .text          0x0000000000001406       0x6e /home/nathan/Desktop/homework_7/lib_projc.a(temp.o)
                0x0000000000001406                temp_init
                0x0000000000001414                temp_is_data_ready
                0x000000000000142a                temp_start
                0x0000000000001436                temp_get
 .text          0x0000000000001474       0x9a /home/nathan/Desktop/homework_7/lib_projc.a(timer1.o)
                0x0000000000001474                __vector_11
                0x00000000000014be                timer1_init
                0x00000000000014de                timer1_get
                0x00000000000014f6                timer1_clear
 .text          0x000000000000150e      0x23c /home/nathan/Desktop/homework_7/lib_projc.a(uart.o)
                0x000000000000150e                uart_init
                0x0000000000001516                uart_writechar
                0x000000000000151a                uart_writestr
                0x0000000000001532                uart_writehex8
                0x0000000000001564                uart_writehex16
                0x0000000000001576                uart_writedec32
                0x000000000000169e                uart_is_connected
                0x00000000000016a2                uart_is_packet_available
                0x00000000000016a6                uart_readpacket
                0x0000000000001706                uart_writeip
 .text          0x000000000000174a      0x72e /home/nathan/Desktop/homework_7/lib_projc.a(uartsocket.o)
                0x00000000000017ec                uartsocket_writechar
                0x00000000000017f0                uartsocket_writestr
                0x00000000000017f4                uartsocket_writehex8
                0x00000000000017f8                uartsocket_writehex16
                0x00000000000017fc                uartsocket_writedec32
                0x0000000000001800                uartsocket_is_connected
                0x0000000000001804                uartsocket_is_packet_available
                0x0000000000001808                uartsocket_readpacket
                0x000000000000188c                parse_and_send_response
 .text          0x0000000000001e78      0x214 /home/nathan/Desktop/homework_7/lib_projc.a(util.o)
                0x0000000000001e78                str_cmp
                0x0000000000001eae                update_checksum
                0x0000000000001ed6                random_seed
                0x0000000000001f0c                random
                0x000000000000200e                strtoi
 .text          0x000000000000208c       0xc6 /home/nathan/Desktop/homework_7/lib_projc.a(vpd.o)
                0x000000000000208c                vpd_is_data_valid
                0x00000000000020cc                vpd_write_defaults
                0x0000000000002120                vpd_init
 .text          0x0000000000002152      0x43c /home/nathan/Desktop/homework_7/lib_projc.a(serial.o)
                0x0000000000002152                serial_init
                0x0000000000002178                __vector_18
                0x00000000000023c8                __vector_19
                0x000000000000242e                serial_rxchars
                0x000000000000243c                serial_popchar
                0x0000000000002486                serial_isconnected
                0x00000000000024d4                serial_is_packet_ready
                0x00000000000024da                serial_writechar
                0x000000000000253a                serial_writestr
                0x0000000000002564                serial_writestr_P
 .text          0x000000000000258e        0x0 /usr/lib/gcc/avr/5.4.0/avr5/libgcc.a(_mulsi3.o)
 .text          0x000000000000258e        0x0 /usr/lib/gcc/avr/5.4.0/avr5/libgcc.a(_udivmodhi4.o)
 .text          0x000000000000258e        0x0 /usr/lib/gcc/avr/5.4.0/avr5/libgcc.a(_divmodhi4.o)
 .text          0x000000000000258e        0x0 /usr/lib/gcc/avr/5.4.0/avr5/libgcc.a(_udivmodsi4.o)
 .text          0x000000000000258e        0x0 /usr/lib/gcc/avr/5.4.0/avr5/libgcc.a(_divmodsi4.o)
 .text          0x000000000000258e        0x0 /usr/lib/gcc/avr/5.4.0/avr5/libgcc.a(_negsi2.o)
 .text          0x000000000000258e        0x0 /usr/lib/gcc/avr/5.4.0/avr5/libgcc.a(_exit.o)
 .text          0x000000000000258e        0x0 /usr/lib/gcc/avr/5.4.0/avr5/libgcc.a(_tablejump2.o)
 .text          0x000000000000258e        0x0 /usr/lib/gcc/avr/5.4.0/avr5/libgcc.a(_copy_data.o)
 .text          0x000000000000258e        0x0 /usr/lib/gcc/avr/5.4.0/avr5/libgcc.a(_clear_bss.o)
 .text          0x000000000000258e        0x0 /usr/lib/gcc/avr/5.4.0/avr5/libgcc.a(_umulhisi3.o)
 .text          0x000000000000258e        0x0 /usr/lib/gcc/avr/5.4.0/avr5/libgcc.a(_muluhisi3.o)
                0x000000000000258e                . = ALIGN (0x2)
 *(.text.*)
 .text.startup  0x000000000000258e       0xfe obj/Release/main.o
                0x000000000000258e                main
 .text.libgcc.mul
                0x000000000000268c       0x20 /usr/lib/gcc/avr/5.4.0/avr5/libgcc.a(_mulsi3.o)
                0x000000000000268c                __mulsi3
 .text.libgcc.div
                0x00000000000026ac        0x0 /usr/lib/gcc/avr/5.4.0/avr5/libgcc.a(_mulsi3.o)
 .text.libgcc   0x00000000000026ac        0x0 /usr/lib/gcc/avr/5.4.0/avr5/libgcc.a(_mulsi3.o)
 .text.libgcc.prologue
                0x00000000000026ac        0x0 /usr/lib/gcc/avr/5.4.0/avr5/libgcc.a(_mulsi3.o)
 .text.libgcc.builtins
                0x00000000000026ac        0x0 /usr/lib/gcc/avr/5.4.0/avr5/libgcc.a(_mulsi3.o)
 .text.libgcc.fmul
                0x00000000000026ac        0x0 /usr/lib/gcc/avr/5.4.0/avr5/libgcc.a(_mulsi3.o)
 .text.libgcc.fixed
                0x00000000000026ac        0x0 /usr/lib/gcc/avr/5.4.0/avr5/libgcc.a(_mulsi3.o)
 .text.libgcc.mul
                0x00000000000026ac        0x0 /usr/lib/gcc/avr/5.4.0/avr5/libgcc.a(_udivmodhi4.o)
 .text.libgcc.div
                0x00000000000026ac       0x28 /usr/lib/gcc/avr/5.4.0/avr5/libgcc.a(_udivmodhi4.o)
                0x00000000000026ac                __udivmodhi4
 .text.libgcc   0x00000000000026d4        0x0 /usr/lib/gcc/avr/5.4.0/avr5/libgcc.a(_udivmodhi4.o)
 .text.libgcc.prologue
                0x00000000000026d4        0x0 /usr/lib/gcc/avr/5.4.0/avr5/libgcc.a(_udivmodhi4.o)
 .text.libgcc.builtins
                0x00000000000026d4        0x0 /usr/lib/gcc/avr/5.4.0/avr5/libgcc.a(_udivmodhi4.o)
 .text.libgcc.fmul
                0x00000000000026d4        0x0 /usr/lib/gcc/avr/5.4.0/avr5/libgcc.a(_udivmodhi4.o)
 .text.libgcc.fixed
                0x00000000000026d4        0x0 /usr/lib/gcc/avr/5.4.0/avr5/libgcc.a(_udivmodhi4.o)
 .text.libgcc.mul
                0x00000000000026d4        0x0 /usr/lib/gcc/avr/5.4.0/avr5/libgcc.a(_divmodhi4.o)
 .text.libgcc.div
                0x00000000000026d4       0x28 /usr/lib/gcc/avr/5.4.0/avr5/libgcc.a(_divmodhi4.o)
                0x00000000000026d4                __divmodhi4
                0x00000000000026d4                _div
 .text.libgcc   0x00000000000026fc        0x0 /usr/lib/gcc/avr/5.4.0/avr5/libgcc.a(_divmodhi4.o)
 .text.libgcc.prologue
                0x00000000000026fc        0x0 /usr/lib/gcc/avr/5.4.0/avr5/libgcc.a(_divmodhi4.o)
 .text.libgcc.builtins
                0x00000000000026fc        0x0 /usr/lib/gcc/avr/5.4.0/avr5/libgcc.a(_divmodhi4.o)
 .text.libgcc.fmul
                0x00000000000026fc        0x0 /usr/lib/gcc/avr/5.4.0/avr5/libgcc.a(_divmodhi4.o)
 .text.libgcc.fixed
                0x00000000000026fc        0x0 /usr/lib/gcc/avr/5.4.0/avr5/libgcc.a(_divmodhi4.o)
 .text.libgcc.mul
                0x00000000000026fc        0x0 /usr/lib/gcc/avr/5.4.0/avr5/libgcc.a(_udivmodsi4.o)
 .text.libgcc.div
                0x00000000000026fc       0x44 /usr/lib/gcc/avr/5.4.0/avr5/libgcc.a(_udivmodsi4.o)
                0x00000000000026fc                __udivmodsi4
 .text.libgcc   0x0000000000002740        0x0 /usr/lib/gcc/avr/5.4.0/avr5/libgcc.a(_udivmodsi4.o)
 .text.libgcc.prologue
                0x0000000000002740        0x0 /usr/lib/gcc/avr/5.4.0/avr5/libgcc.a(_udivmodsi4.o)
 .text.libgcc.builtins
                0x0000000000002740        0x0 /usr/lib/gcc/avr/5.4.0/avr5/libgcc.a(_udivmodsi4.o)
 .text.libgcc.fmul
                0x0000000000002740        0x0 /usr/lib/gcc/avr/5.4.0/avr5/libgcc.a(_udivmodsi4.o)
 .text.libgcc.fixed
                0x0000000000002740        0x0 /usr/lib/gcc/avr/5.4.0/avr5/libgcc.a(_udivmodsi4.o)
 .text.libgcc.mul
                0x0000000000002740        0x0 /usr/lib/gcc/avr/5.4.0/avr5/libgcc.a(_divmodsi4.o)
 .text.libgcc.div
                0x0000000000002740       0x2e /usr/lib/gcc/avr/5.4.0/avr5/libgcc.a(_divmodsi4.o)
                0x0000000000002740                __divmodsi4
 .text.libgcc   0x000000000000276e        0x0 /usr/lib/gcc/avr/5.4.0/avr5/libgcc.a(_divmodsi4.o)
 .text.libgcc.prologue
                0x000000000000276e        0x0 /usr/lib/gcc/avr/5.4.0/avr5/libgcc.a(_divmodsi4.o)
 .text.libgcc.builtins
                0x000000000000276e        0x0 /usr/lib/gcc/avr/5.4.0/avr5/libgcc.a(_divmodsi4.o)
 .text.libgcc.fmul
                0x000000000000276e        0x0 /usr/lib/gcc/avr/5.4.0/avr5/libgcc.a(_divmodsi4.o)
 .text.libgcc.fixed
                0x000000000000276e        0x0 /usr/lib/gcc/avr/5.4.0/avr5/libgcc.a(_divmodsi4.o)
 .text.libgcc.mul
                0x000000000000276e        0x0 /usr/lib/gcc/avr/5.4.0/avr5/libgcc.a(_negsi2.o)
 .text.libgcc.div
                0x000000000000276e       0x10 /usr/lib/gcc/avr/5.4.0/avr5/libgcc.a(_negsi2.o)
                0x000000000000276e                __negsi2
 .text.libgcc   0x000000000000277e        0x0 /usr/lib/gcc/avr/5.4.0/avr5/libgcc.a(_negsi2.o)
 .text.libgcc.prologue
                0x000000000000277e        0x0 /usr/lib/gcc/avr/5.4.0/avr5/libgcc.a(_negsi2.o)
 .text.libgcc.builtins
                0x000000000000277e        0x0 /usr/lib/gcc/avr/5.4.0/avr5/libgcc.a(_negsi2.o)
 .text.libgcc.fmul
                0x000000000000277e        0x0 /usr/lib/gcc/avr/5.4.0/avr5/libgcc.a(_negsi2.o)
 .text.libgcc.fixed
                0x000000000000277e        0x0 /usr/lib/gcc/avr/5.4.0/avr5/libgcc.a(_negsi2.o)
 .text.libgcc.mul
                0x000000000000277e        0x0 /usr/lib/gcc/avr/5.4.0/avr5/libgcc.a(_exit.o)
 .text.libgcc.div
                0x000000000000277e        0x0 /usr/lib/gcc/avr/5.4.0/avr5/libgcc.a(_exit.o)
 .text.libgcc   0x000000000000277e        0x0 /usr/lib/gcc/avr/5.4.0/avr5/libgcc.a(_exit.o)
 .text.libgcc.prologue
                0x000000000000277e        0x0 /usr/lib/gcc/avr/5.4.0/avr5/libgcc.a(_exit.o)
 .text.libgcc.builtins
                0x000000000000277e        0x0 /usr/lib/gcc/avr/5.4.0/avr5/libgcc.a(_exit.o)
 .text.libgcc.fmul
                0x000000000000277e        0x0 /usr/lib/gcc/avr/5.4.0/avr5/libgcc.a(_exit.o)
 .text.libgcc.fixed
                0x000000000000277e        0x0 /usr/lib/gcc/avr/5.4.0/avr5/libgcc.a(_exit.o)
 .text.libgcc.mul
                0x000000000000277e        0x0 /usr/lib/gcc/avr/5.4.0/avr5/libgcc.a(_tablejump2.o)
 .text.libgcc.div
                0x000000000000277e        0x0 /usr/lib/gcc/avr/5.4.0/avr5/libgcc.a(_tablejump2.o)
 .text.libgcc   0x000000000000277e        0xc /usr/lib/gcc/avr/5.4.0/avr5/libgcc.a(_tablejump2.o)
                0x000000000000277e                __tablejump2__
 .text.libgcc.prologue
                0x000000000000278a        0x0 /usr/lib/gcc/avr/5.4.0/avr5/libgcc.a(_tablejump2.o)
 .text.libgcc.builtins
                0x000000000000278a        0x0 /usr/lib/gcc/avr/5.4.0/avr5/libgcc.a(_tablejump2.o)
 .text.libgcc.fmul
                0x000000000000278a        0x0 /usr/lib/gcc/avr/5.4.0/avr5/libgcc.a(_tablejump2.o)
 .text.libgcc.fixed
                0x000000000000278a        0x0 /usr/lib/gcc/avr/5.4.0/avr5/libgcc.a(_tablejump2.o)
 .text.libgcc.mul
                0x000000000000278a        0x0 /usr/lib/gcc/avr/5.4.0/avr5/libgcc.a(_copy_data.o)
 .text.libgcc.div
                0x000000000000278a        0x0 /usr/lib/gcc/avr/5.4.0/avr5/libgcc.a(_copy_data.o)
 .text.libgcc   0x000000000000278a        0x0 /usr/lib/gcc/avr/5.4.0/avr5/libgcc.a(_copy_data.o)
 .text.libgcc.prologue
                0x000000000000278a        0x0 /usr/lib/gcc/avr/5.4.0/avr5/libgcc.a(_copy_data.o)
 .text.libgcc.builtins
                0x000000000000278a        0x0 /usr/lib/gcc/avr/5.4.0/avr5/libgcc.a(_copy_data.o)
 .text.libgcc.fmul
                0x000000000000278a        0x0 /usr/lib/gcc/avr/5.4.0/avr5/libgcc.a(_copy_data.o)
 .text.libgcc.fixed
                0x000000000000278a        0x0 /usr/lib/gcc/avr/5.4.0/avr5/libgcc.a(_copy_data.o)
 .text.libgcc.mul
                0x000000000000278a        0x0 /usr/lib/gcc/avr/5.4.0/avr5/libgcc.a(_clear_bss.o)
 .text.libgcc.div
                0x000000000000278a        0x0 /usr/lib/gcc/avr/5.4.0/avr5/libgcc.a(_clear_bss.o)
 .text.libgcc   0x000000000000278a        0x0 /usr/lib/gcc/avr/5.4.0/avr5/libgcc.a(_clear_bss.o)
 .text.libgcc.prologue
                0x000000000000278a        0x0 /usr/lib/gcc/avr/5.4.0/avr5/libgcc.a(_clear_bss.o)
 .text.libgcc.builtins
                0x000000000000278a        0x0 /usr/lib/gcc/avr/5.4.0/avr5/libgcc.a(_clear_bss.o)
 .text.libgcc.fmul
                0x000000000000278a        0x0 /usr/lib/gcc/avr/5.4.0/avr5/libgcc.a(_clear_bss.o)
 .text.libgcc.fixed
                0x000000000000278a        0x0 /usr/lib/gcc/avr/5.4.0/avr5/libgcc.a(_clear_bss.o)
 .text.libgcc.mul
                0x000000000000278a       0x1e /usr/lib/gcc/avr/5.4.0/avr5/libgcc.a(_umulhisi3.o)
                0x000000000000278a                __umulhisi3
 .text.libgcc.div
                0x00000000000027a8        0x0 /usr/lib/gcc/avr/5.4.0/avr5/libgcc.a(_umulhisi3.o)
 .text.libgcc   0x00000000000027a8        0x0 /usr/lib/gcc/avr/5.4.0/avr5/libgcc.a(_umulhisi3.o)
 .text.libgcc.prologue
                0x00000000000027a8        0x0 /usr/lib/gcc/avr/5.4.0/avr5/libgcc.a(_umulhisi3.o)
 .text.libgcc.builtins
                0x00000000000027a8        0x0 /usr/lib/gcc/avr/5.4.0/avr5/libgcc.a(_umulhisi3.o)
 .text.libgcc.fmul
                0x00000000000027a8        0x0 /usr/lib/gcc/avr/5.4.0/avr5/libgcc.a(_umulhisi3.o)
 .text.libgcc.fixed
                0x00000000000027a8        0x0 /usr/lib/gcc/avr/5.4.0/avr5/libgcc.a(_umulhisi3.o)
 .text.libgcc.mul
                0x00000000000027a8       0x16 /usr/lib/gcc/avr/5.4.0/avr5/libgcc.a(_muluhisi3.o)
                0x00000000000027a8                __muluhisi3
 .text.libgcc.div
                0x00000000000027be        0x0 /usr/lib/gcc/avr/5.4.0/avr5/libgcc.a(_muluhisi3.o)
 .text.libgcc   0x00000000000027be        0x0 /usr/lib/gcc/avr/5.4.0/avr5/libgcc.a(_muluhisi3.o)
 .text.libgcc.prologue
                0x00000000000027be        0x0 /usr/lib/gcc/avr/5.4.0/avr5/libgcc.a(_muluhisi3.o)
 .text.libgcc.builtins
                0x00000000000027be        0x0 /usr/lib/gcc/avr/5.4.0/avr5/libgcc.a(_muluhisi3.o)
 .text.libgcc.fmul
                0x00000000000027be        0x0 /usr/lib/gcc/avr/5.4.0/avr5/libgcc.a(_muluhisi3.o)
 .text.libgcc.fixed
                0x00000000000027be        0x0 /usr/lib/gcc/avr/5.4.0/avr5/libgcc.a(_muluhisi3.o)
                0x00000000000027be                . = ALIGN (0x2)
 *(.fini9)
 .fini9         0x00000000000027be        0x0 /usr/lib/gcc/avr/5.4.0/avr5/libgcc.a(_exit.o)
                0x00000000000027be                exit
                0x00000000000027be                _exit
 *(.fini9)
 *(.fini8)
 *(.fini8)
 *(.fini7)
 *(.fini7)
 *(.fini6)
 *(.fini6)
 *(.fini5)
 *(.fini5)
 *(.fini4)
 *(.fini4)
 *(.fini3)
 *(.fini3)
 *(.fini2)
 *(.fini2)
 *(.fini1)
 *(.fini1)
 *(.fini0)
 .fini0         0x00000000000027be        0x4 /usr/lib/gcc/avr/5.4.0/avr5/libgcc.a(_exit.o)
 *(.fini0)
                0x00000000000027c2                _etext = .

.siminfo        0x00000000000027c2       0x28
 .siminfo       0x00000000000027c2       0x28 /home/nathan/Desktop/homework_7/lib_projc.a(uart.o)
                0x00000000000027c2                siminfo_serial_out
                0x00000000000027cd                siminfo_serial_in
                0x00000000000027d8                siminfo_cpufrequency
                0x00000000000027de                siminfo_device

.data           0x0000000000800100      0x2b4 load address 0x00000000000027ea
                0x0000000000800100                PROVIDE (__data_start, .)
 *(.data)
 .data          0x0000000000800100        0x0 /usr/lib/gcc/avr/5.4.0/../../../avr/lib/avr5/crtatmega328p.o
 .data          0x0000000000800100        0x2 obj/Release/main.o
                0x0000000000800100                current_temperature
 .data          0x0000000000800102        0x0 obj/Release/tempfsm.o
 .data          0x0000000000800102        0x0 obj/Release/util.o
 .data          0x0000000000800102        0x0 obj/Release/wdt.o
 .data          0x0000000000800102        0x0 /home/nathan/Desktop/homework_7/lib_projc.a(alarm.o)
 .data          0x0000000000800102       0x12 /home/nathan/Desktop/homework_7/lib_projc.a(config.o)
 .data          0x0000000000800114        0x0 /home/nathan/Desktop/homework_7/lib_projc.a(delay.o)
 .data          0x0000000000800114        0x0 /home/nathan/Desktop/homework_7/lib_projc.a(eeprom.o)
 .data          0x0000000000800114        0x0 /home/nathan/Desktop/homework_7/lib_projc.a(led.o)
 .data          0x0000000000800114        0x0 /home/nathan/Desktop/homework_7/lib_projc.a(log.o)
 .data          0x0000000000800114       0x14 /home/nathan/Desktop/homework_7/lib_projc.a(rtc.o)
 .data          0x0000000000800128        0x0 /home/nathan/Desktop/homework_7/lib_projc.a(str.o)
 .data          0x0000000000800128        0x0 /home/nathan/Desktop/homework_7/lib_projc.a(temp.o)
 .data          0x0000000000800128        0x0 /home/nathan/Desktop/homework_7/lib_projc.a(timer1.o)
 .data          0x0000000000800128        0x0 /home/nathan/Desktop/homework_7/lib_projc.a(uart.o)
 .data          0x0000000000800128        0x0 /home/nathan/Desktop/homework_7/lib_projc.a(uartsocket.o)
 .data          0x0000000000800128        0x8 /home/nathan/Desktop/homework_7/lib_projc.a(util.o)
 .data          0x0000000000800130        0x0 /home/nathan/Desktop/homework_7/lib_projc.a(vpd.o)
 .data          0x0000000000800130        0x0 /home/nathan/Desktop/homework_7/lib_projc.a(serial.o)
 .data          0x0000000000800130        0x0 /usr/lib/gcc/avr/5.4.0/avr5/libgcc.a(_mulsi3.o)
 .data          0x0000000000800130        0x0 /usr/lib/gcc/avr/5.4.0/avr5/libgcc.a(_udivmodhi4.o)
 .data          0x0000000000800130        0x0 /usr/lib/gcc/avr/5.4.0/avr5/libgcc.a(_divmodhi4.o)
 .data          0x0000000000800130        0x0 /usr/lib/gcc/avr/5.4.0/avr5/libgcc.a(_udivmodsi4.o)
 .data          0x0000000000800130        0x0 /usr/lib/gcc/avr/5.4.0/avr5/libgcc.a(_divmodsi4.o)
 .data          0x0000000000800130        0x0 /usr/lib/gcc/avr/5.4.0/avr5/libgcc.a(_negsi2.o)
 .data          0x0000000000800130        0x0 /usr/lib/gcc/avr/5.4.0/avr5/libgcc.a(_exit.o)
 .data          0x0000000000800130        0x0 /usr/lib/gcc/avr/5.4.0/avr5/libgcc.a(_tablejump2.o)
 .data          0x0000000000800130        0x0 /usr/lib/gcc/avr/5.4.0/avr5/libgcc.a(_copy_data.o)
 .data          0x0000000000800130        0x0 /usr/lib/gcc/avr/5.4.0/avr5/libgcc.a(_clear_bss.o)
 .data          0x0000000000800130        0x0 /usr/lib/gcc/avr/5.4.0/avr5/libgcc.a(_umulhisi3.o)
 .data          0x0000000000800130        0x0 /usr/lib/gcc/avr/5.4.0/avr5/libgcc.a(_muluhisi3.o)
 *(.data*)
 *(.rodata)
 .rodata        0x0000000000800130        0xc /home/nathan/Desktop/homework_7/lib_projc.a(rtc.o)
 .rodata        0x000000000080013c       0x37 /home/nathan/Desktop/homework_7/lib_projc.a(vpd.o)
 *(.rodata*)
 .rodata.str1.1
                0x0000000000800173       0x55 obj/Release/main.o
                                         0x58 (size before relaxing)
 .rodata.str1.1
                0x00000000008001c8        0x4 obj/Release/tempfsm.o
                                          0x6 (size before relaxing)
 .rodata.str1.1
                0x00000000008001cc        0xa /home/nathan/Desktop/homework_7/lib_projc.a(alarm.o)
                                          0xd (size before relaxing)
 .rodata.str1.1
                0x00000000008001d6       0x14 /home/nathan/Desktop/homework_7/lib_projc.a(rtc.o)
 .rodata.str1.1
                0x00000000008001ea        0x3 /home/nathan/Desktop/homework_7/lib_projc.a(uart.o)
 .rodata.str1.1
                0x00000000008001ea      0x1c9 /home/nathan/Desktop/homework_7/lib_projc.a(uartsocket.o)
                                        0x1d6 (size before relaxing)
 *(.gnu.linkonce.d*)
                0x00000000008003b4                . = ALIGN (0x2)
 *fill*         0x00000000008003b3        0x1 
                0x00000000008003b4                _edata = .
                0x00000000008003b4                PROVIDE (__data_end, .)

.bss            0x00000000008003b4      0x1f5
                0x00000000008003b4                PROVIDE (__bss_start, .)
 *(.bss)
 .bss           0x00000000008003b4        0x0 /usr/lib/gcc/avr/5.4.0/../../../avr/lib/avr5/crtatmega328p.o
 .bss           0x00000000008003b4        0x0 obj/Release/main.o
 .bss           0x00000000008003b4        0x0 obj/Release/tempfsm.o
 .bss           0x00000000008003b4        0x0 obj/Release/util.o
 .bss           0x00000000008003b4        0x0 obj/Release/wdt.o
 .bss           0x00000000008003b4        0x0 /home/nathan/Desktop/homework_7/lib_projc.a(alarm.o)
 .bss           0x00000000008003b4        0x1 /home/nathan/Desktop/homework_7/lib_projc.a(config.o)
 .bss           0x00000000008003b5        0xe /home/nathan/Desktop/homework_7/lib_projc.a(delay.o)
 .bss           0x00000000008003c3        0x0 /home/nathan/Desktop/homework_7/lib_projc.a(eeprom.o)
 .bss           0x00000000008003c3        0x5 /home/nathan/Desktop/homework_7/lib_projc.a(led.o)
 .bss           0x00000000008003c8       0x83 /home/nathan/Desktop/homework_7/lib_projc.a(log.o)
 .bss           0x000000000080044b        0x0 /home/nathan/Desktop/homework_7/lib_projc.a(rtc.o)
 .bss           0x000000000080044b        0x0 /home/nathan/Desktop/homework_7/lib_projc.a(str.o)
 .bss           0x000000000080044b        0x0 /home/nathan/Desktop/homework_7/lib_projc.a(temp.o)
 .bss           0x000000000080044b        0x4 /home/nathan/Desktop/homework_7/lib_projc.a(timer1.o)
 .bss           0x000000000080044f        0x0 /home/nathan/Desktop/homework_7/lib_projc.a(uart.o)
 .bss           0x000000000080044f       0x40 /home/nathan/Desktop/homework_7/lib_projc.a(uartsocket.o)
 .bss           0x000000000080048f        0x0 /home/nathan/Desktop/homework_7/lib_projc.a(util.o)
 .bss           0x000000000080048f        0x0 /home/nathan/Desktop/homework_7/lib_projc.a(vpd.o)
 .bss           0x000000000080048f        0x7 /home/nathan/Desktop/homework_7/lib_projc.a(serial.o)
                0x000000000080048f                txtail
                0x0000000000800490                txhead
                0x0000000000800491                rxtail
                0x0000000000800492                rxhead
 .bss           0x0000000000800496        0x0 /usr/lib/gcc/avr/5.4.0/avr5/libgcc.a(_mulsi3.o)
 .bss           0x0000000000800496        0x0 /usr/lib/gcc/avr/5.4.0/avr5/libgcc.a(_udivmodhi4.o)
 .bss           0x0000000000800496        0x0 /usr/lib/gcc/avr/5.4.0/avr5/libgcc.a(_divmodhi4.o)
 .bss           0x0000000000800496        0x0 /usr/lib/gcc/avr/5.4.0/avr5/libgcc.a(_udivmodsi4.o)
 .bss           0x0000000000800496        0x0 /usr/lib/gcc/avr/5.4.0/avr5/libgcc.a(_divmodsi4.o)
 .bss           0x0000000000800496        0x0 /usr/lib/gcc/avr/5.4.0/avr5/libgcc.a(_negsi2.o)
 .bss           0x0000000000800496        0x0 /usr/lib/gcc/avr/5.4.0/avr5/libgcc.a(_exit.o)
 .bss           0x0000000000800496        0x0 /usr/lib/gcc/avr/5.4.0/avr5/libgcc.a(_tablejump2.o)
 .bss           0x0000000000800496        0x0 /usr/lib/gcc/avr/5.4.0/avr5/libgcc.a(_copy_data.o)
 .bss           0x0000000000800496        0x0 /usr/lib/gcc/avr/5.4.0/avr5/libgcc.a(_clear_bss.o)
 .bss           0x0000000000800496        0x0 /usr/lib/gcc/avr/5.4.0/avr5/libgcc.a(_umulhisi3.o)
 .bss           0x0000000000800496        0x0 /usr/lib/gcc/avr/5.4.0/avr5/libgcc.a(_muluhisi3.o)
 *(.bss*)
 *(COMMON)
 COMMON         0x0000000000800496        0x1 obj/Release/tempfsm.o
                0x0000000000800496                state
 COMMON         0x0000000000800497       0x12 /home/nathan/Desktop/homework_7/lib_projc.a(config.o)
                0x0000000000800497                config
 COMMON         0x00000000008004a9       0x45 /home/nathan/Desktop/homework_7/lib_projc.a(eeprom.o)
                0x00000000008004a9                write_busy
                0x00000000008004aa                writeaddr
                0x00000000008004ac                writesize
                0x00000000008004ad                writebuf
                0x00000000008004ed                bufidx
 COMMON         0x00000000008004ee        0x4 /home/nathan/Desktop/homework_7/lib_projc.a(rtc.o)
                0x00000000008004ee                rtc_base
 COMMON         0x00000000008004f2       0x37 /home/nathan/Desktop/homework_7/lib_projc.a(vpd.o)
                0x00000000008004f2                vpd
 COMMON         0x0000000000800529       0x80 /home/nathan/Desktop/homework_7/lib_projc.a(serial.o)
                0x0000000000800529                rxbuf
                0x0000000000800569                txbuf
                0x00000000008005a9                PROVIDE (__bss_end, .)
                0x00000000000027ea                __data_load_start = LOADADDR (.data)
                0x0000000000002a9e                __data_load_end = (__data_load_start + SIZEOF (.data))

.noinit         0x00000000008005a9        0x0
                [!provide]                        PROVIDE (__noinit_start, .)
 *(.noinit*)
                [!provide]                        PROVIDE (__noinit_end, .)
                0x00000000008005a9                _end = .
                [!provide]                        PROVIDE (__heap_start, .)

.eeprom         0x0000000000810000        0x0
 *(.eeprom*)
                0x0000000000810000                __eeprom_end = .

.fuse
 *(.fuse)
 *(.lfuse)
 *(.hfuse)
 *(.efuse)

.lock
 *(.lock*)

.signature
 *(.signature*)

.user_signatures
 *(.user_signatures*)

.stab
 *(.stab)

.stabstr
 *(.stabstr)

.stab.excl
 *(.stab.excl)

.stab.exclstr
 *(.stab.exclstr)

.stab.index
 *(.stab.index)

.stab.indexstr
 *(.stab.indexstr)

.comment        0x0000000000000000       0x11
 *(.comment)
 .comment       0x0000000000000000       0x11 obj/Release/main.o
                                         0x12 (size before relaxing)
 .comment       0x0000000000000011       0x12 obj/Release/tempfsm.o
 .comment       0x0000000000000011       0x12 obj/Release/util.o
 .comment       0x0000000000000011       0x12 obj/Release/wdt.o
 .comment       0x0000000000000011       0x12 /home/nathan/Desktop/homework_7/lib_projc.a(alarm.o)
 .comment       0x0000000000000011       0x12 /home/nathan/Desktop/homework_7/lib_projc.a(config.o)
 .comment       0x0000000000000011       0x12 /home/nathan/Desktop/homework_7/lib_projc.a(delay.o)
 .comment       0x0000000000000011       0x12 /home/nathan/Desktop/homework_7/lib_projc.a(eeprom.o)
 .comment       0x0000000000000011       0x12 /home/nathan/Desktop/homework_7/lib_projc.a(led.o)
 .comment       0x0000000000000011       0x12 /home/nathan/Desktop/homework_7/lib_projc.a(log.o)
 .comment       0x0000000000000011       0x12 /home/nathan/Desktop/homework_7/lib_projc.a(rtc.o)
 .comment       0x0000000000000011       0x12 /home/nathan/Desktop/homework_7/lib_projc.a(str.o)
 .comment       0x0000000000000011       0x12 /home/nathan/Desktop/homework_7/lib_projc.a(temp.o)
 .comment       0x0000000000000011       0x12 /home/nathan/Desktop/homework_7/lib_projc.a(timer1.o)
 .comment       0x0000000000000011       0x12 /home/nathan/Desktop/homework_7/lib_projc.a(uart.o)
 .comment       0x0000000000000011       0x12 /home/nathan/Desktop/homework_7/lib_projc.a(uartsocket.o)
 .comment       0x0000000000000011       0x12 /home/nathan/Desktop/homework_7/lib_projc.a(util.o)
 .comment       0x0000000000000011       0x12 /home/nathan/Desktop/homework_7/lib_projc.a(vpd.o)
 .comment       0x0000000000000011       0x12 /home/nathan/Desktop/homework_7/lib_projc.a(serial.o)

.note.gnu.avr.deviceinfo
                0x0000000000000000       0x40
 .note.gnu.avr.deviceinfo
                0x0000000000000000       0x40 /usr/lib/gcc/avr/5.4.0/../../../avr/lib/avr5/crtatmega328p.o

.note.gnu.build-id
 *(.note.gnu.build-id)

.debug
 *(.debug)

.line
 *(.line)

.debug_srcinfo
 *(.debug_srcinfo)

.debug_sfnames
 *(.debug_sfnames)

.debug_aranges
 *(.debug_aranges)

.debug_pubnames
 *(.debug_pubnames)

.debug_info     0x0000000000000000      0x5f4
 *(.debug_info .gnu.linkonce.wi.*)
 .debug_info    0x0000000000000000      0x5f4 /usr/lib/gcc/avr/5.4.0/../../../avr/lib/avr5/crtatmega328p.o

.debug_abbrev   0x0000000000000000      0x5a2
 *(.debug_abbrev)
 .debug_abbrev  0x0000000000000000      0x5a2 /usr/lib/gcc/avr/5.4.0/../../../avr/lib/avr5/crtatmega328p.o

.debug_line     0x0000000000000000       0x1a
 *(.debug_line .debug_line.* .debug_line_end)
 .debug_line    0x0000000000000000       0x1a /usr/lib/gcc/avr/5.4.0/../../../avr/lib/avr5/crtatmega328p.o

.debug_frame
 *(.debug_frame)

.debug_str      0x0000000000000000      0x208
 *(.debug_str)
 .debug_str     0x0000000000000000      0x208 /usr/lib/gcc/avr/5.4.0/../../../avr/lib/avr5/crtatmega328p.o

.debug_loc
 *(.debug_loc)

.debug_macinfo
 *(.debug_macinfo)

.debug_weaknames
 *(.debug_weaknames)

.debug_funcnames
 *(.debug_funcnames)

.debug_typenames
 *(.debug_typenames)

.debug_varnames
 *(.debug_varnames)

.debug_pubtypes
 *(.debug_pubtypes)

.debug_ranges
 *(.debug_ranges)

.debug_macro
 *(.debug_macro)
OUTPUT(bin/Release/project_3.elf elf32-avr)
LOAD linker stubs

Cross Reference Table

Symbol                                            File
__FUSE_REGION_LENGTH__                            /usr/lib/gcc/avr/5.4.0/../../../avr/lib/avr5/crtatmega328p.o
__bad_interrupt                                   /usr/lib/gcc/avr/5.4.0/../../../avr/lib/avr5/crtatmega328p.o
__bss_end                                         /usr/lib/gcc/avr/5.4.0/avr5/libgcc.a(_clear_bss.o)
__bss_start                                       /usr/lib/gcc/avr/5.4.0/avr5/libgcc.a(_clear_bss.o)
__data_end                                        /usr/lib/gcc/avr/5.4.0/avr5/libgcc.a(_copy_data.o)
__data_load_start                                 /usr/lib/gcc/avr/5.4.0/avr5/libgcc.a(_copy_data.o)
__data_start                                      /usr/lib/gcc/avr/5.4.0/avr5/libgcc.a(_copy_data.o)
__divmodhi4                                       /usr/lib/gcc/avr/5.4.0/avr5/libgcc.a(_divmodhi4.o)
                                                  /home/nathan/Desktop/homework_7/lib_projc.a(log.o)
__divmodsi4                                       /usr/lib/gcc/avr/5.4.0/avr5/libgcc.a(_divmodsi4.o)
                                                  /home/nathan/Desktop/homework_7/lib_projc.a(uart.o)
                                                  /home/nathan/Desktop/homework_7/lib_projc.a(temp.o)
__do_clear_bss                                    /usr/lib/gcc/avr/5.4.0/avr5/libgcc.a(_clear_bss.o)
                                                  /home/nathan/Desktop/homework_7/lib_projc.a(serial.o)
                                                  /home/nathan/Desktop/homework_7/lib_projc.a(vpd.o)
                                                  /home/nathan/Desktop/homework_7/lib_projc.a(uartsocket.o)
                                                  /home/nathan/Desktop/homework_7/lib_projc.a(timer1.o)
                                                  /home/nathan/Desktop/homework_7/lib_projc.a(rtc.o)
                                                  /home/nathan/Desktop/homework_7/lib_projc.a(log.o)
                                                  /home/nathan/Desktop/homework_7/lib_projc.a(led.o)
                                                  /home/nathan/Desktop/homework_7/lib_projc.a(eeprom.o)
                                                  /home/nathan/Desktop/homework_7/lib_projc.a(delay.o)
                                                  /home/nathan/Desktop/homework_7/lib_projc.a(config.o)
                                                  obj/Release/tempfsm.o
__do_copy_data                                    /usr/lib/gcc/avr/5.4.0/avr5/libgcc.a(_copy_data.o)
                                                  /home/nathan/Desktop/homework_7/lib_projc.a(vpd.o)
                                                  /home/nathan/Desktop/homework_7/lib_projc.a(util.o)
                                                  /home/nathan/Desktop/homework_7/lib_projc.a(uartsocket.o)
                                                  /home/nathan/Desktop/homework_7/lib_projc.a(uart.o)
                                                  /home/nathan/Desktop/homework_7/lib_projc.a(rtc.o)
                                                  /home/nathan/Desktop/homework_7/lib_projc.a(config.o)
                                                  /home/nathan/Desktop/homework_7/lib_projc.a(alarm.o)
                                                  obj/Release/tempfsm.o
                                                  obj/Release/main.o
__heap_end                                        /usr/lib/gcc/avr/5.4.0/../../../avr/lib/avr5/crtatmega328p.o
__init                                            /usr/lib/gcc/avr/5.4.0/../../../avr/lib/avr5/crtatmega328p.o
__mulsi3                                          /usr/lib/gcc/avr/5.4.0/avr5/libgcc.a(_mulsi3.o)
                                                  /home/nathan/Desktop/homework_7/lib_projc.a(rtc.o)
__muluhisi3                                       /usr/lib/gcc/avr/5.4.0/avr5/libgcc.a(_muluhisi3.o)
                                                  /usr/lib/gcc/avr/5.4.0/avr5/libgcc.a(_mulsi3.o)
                                                  /home/nathan/Desktop/homework_7/lib_projc.a(util.o)
                                                  /home/nathan/Desktop/homework_7/lib_projc.a(uart.o)
                                                  /home/nathan/Desktop/homework_7/lib_projc.a(temp.o)
                                                  /home/nathan/Desktop/homework_7/lib_projc.a(rtc.o)
__negsi2                                          /usr/lib/gcc/avr/5.4.0/avr5/libgcc.a(_negsi2.o)
                                                  /usr/lib/gcc/avr/5.4.0/avr5/libgcc.a(_divmodsi4.o)
__stack                                           /usr/lib/gcc/avr/5.4.0/../../../avr/lib/avr5/crtatmega328p.o
__tablejump2__                                    /usr/lib/gcc/avr/5.4.0/avr5/libgcc.a(_tablejump2.o)
                                                  obj/Release/tempfsm.o
__udivmodhi4                                      /usr/lib/gcc/avr/5.4.0/avr5/libgcc.a(_udivmodhi4.o)
                                                  /usr/lib/gcc/avr/5.4.0/avr5/libgcc.a(_divmodhi4.o)
                                                  /home/nathan/Desktop/homework_7/lib_projc.a(str.o)
                                                  /home/nathan/Desktop/homework_7/lib_projc.a(rtc.o)
__udivmodsi4                                      /usr/lib/gcc/avr/5.4.0/avr5/libgcc.a(_udivmodsi4.o)
                                                  /usr/lib/gcc/avr/5.4.0/avr5/libgcc.a(_divmodsi4.o)
                                                  /home/nathan/Desktop/homework_7/lib_projc.a(util.o)
                                                  /home/nathan/Desktop/homework_7/lib_projc.a(rtc.o)
__umulhisi3                                       /usr/lib/gcc/avr/5.4.0/avr5/libgcc.a(_umulhisi3.o)
                                                  /usr/lib/gcc/avr/5.4.0/avr5/libgcc.a(_muluhisi3.o)
                                                  /home/nathan/Desktop/homework_7/lib_projc.a(rtc.o)
__vector_1                                        /usr/lib/gcc/avr/5.4.0/../../../avr/lib/avr5/crtatmega328p.o
__vector_10                                       /usr/lib/gcc/avr/5.4.0/../../../avr/lib/avr5/crtatmega328p.o
__vector_11                                       /home/nathan/Desktop/homework_7/lib_projc.a(timer1.o)
                                                  /usr/lib/gcc/avr/5.4.0/../../../avr/lib/avr5/crtatmega328p.o
__vector_12                                       /usr/lib/gcc/avr/5.4.0/../../../avr/lib/avr5/crtatmega328p.o
__vector_13                                       /usr/lib/gcc/avr/5.4.0/../../../avr/lib/avr5/crtatmega328p.o
__vector_14                                       /home/nathan/Desktop/homework_7/lib_projc.a(delay.o)
                                                  /usr/lib/gcc/avr/5.4.0/../../../avr/lib/avr5/crtatmega328p.o
__vector_15                                       /usr/lib/gcc/avr/5.4.0/../../../avr/lib/avr5/crtatmega328p.o
__vector_16                                       /usr/lib/gcc/avr/5.4.0/../../../avr/lib/avr5/crtatmega328p.o
__vector_17                                       /usr/lib/gcc/avr/5.4.0/../../../avr/lib/avr5/crtatmega328p.o
__vector_18                                       /home/nathan/Desktop/homework_7/lib_projc.a(serial.o)
                                                  /usr/lib/gcc/avr/5.4.0/../../../avr/lib/avr5/crtatmega328p.o
__vector_19                                       /home/nathan/Desktop/homework_7/lib_projc.a(serial.o)
                                                  /usr/lib/gcc/avr/5.4.0/../../../avr/lib/avr5/crtatmega328p.o
__vector_2                                        /usr/lib/gcc/avr/5.4.0/../../../avr/lib/avr5/crtatmega328p.o
__vector_20                                       /usr/lib/gcc/avr/5.4.0/../../../avr/lib/avr5/crtatmega328p.o
__vector_21                                       /usr/lib/gcc/avr/5.4.0/../../../avr/lib/avr5/crtatmega328p.o
__vector_22                                       /home/nathan/Desktop/homework_7/lib_projc.a(eeprom.o)
                                                  /usr/lib/gcc/avr/5.4.0/../../../avr/lib/avr5/crtatmega328p.o
__vector_23                                       /usr/lib/gcc/avr/5.4.0/../../../avr/lib/avr5/crtatmega328p.o
__vector_24                                       /usr/lib/gcc/avr/5.4.0/../../../avr/lib/avr5/crtatmega328p.o
__vector_25                                       /usr/lib/gcc/avr/5.4.0/../../../avr/lib/avr5/crtatmega328p.o
__vector_3                                        /usr/lib/gcc/avr/5.4.0/../../../avr/lib/avr5/crtatmega328p.o
__vector_4                                        /usr/lib/gcc/avr/5.4.0/../../../avr/lib/avr5/crtatmega328p.o
__vector_5                                        /usr/lib/gcc/avr/5.4.0/../../../avr/lib/avr5/crtatmega328p.o
__vector_6                                        obj/Release/wdt.o
                                                  /usr/lib/gcc/avr/5.4.0/../../../avr/lib/avr5/crtatmega328p.o
__vector_7                                        /usr/lib/gcc/avr/5.4.0/../../../avr/lib/avr5/crtatmega328p.o
__vector_8                                        /usr/lib/gcc/avr/5.4.0/../../../avr/lib/avr5/crtatmega328p.o
__vector_9                                        /usr/lib/gcc/avr/5.4.0/../../../avr/lib/avr5/crtatmega328p.o
__vector_default                                  /usr/lib/gcc/avr/5.4.0/../../../avr/lib/avr5/crtatmega328p.o
__vectors                                         /usr/lib/gcc/avr/5.4.0/../../../avr/lib/avr5/crtatmega328p.o
_div                                              /usr/lib/gcc/avr/5.4.0/avr5/libgcc.a(_divmodhi4.o)
_exit                                             /usr/lib/gcc/avr/5.4.0/avr5/libgcc.a(_exit.o)
alarm_init                                        /home/nathan/Desktop/homework_7/lib_projc.a(alarm.o)
                                                  obj/Release/tempfsm.o
                                                  obj/Release/main.o
alarm_send                                        /home/nathan/Desktop/homework_7/lib_projc.a(alarm.o)
                                                  obj/Release/tempfsm.o
bufidx                                            /home/nathan/Desktop/homework_7/lib_projc.a(eeprom.o)
config                                            /home/nathan/Desktop/homework_7/lib_projc.a(config.o)
                                                  /home/nathan/Desktop/homework_7/lib_projc.a(uartsocket.o)
                                                  obj/Release/util.o
                                                  obj/Release/main.o
config_init                                       /home/nathan/Desktop/homework_7/lib_projc.a(config.o)
                                                  obj/Release/main.o
config_is_data_valid                              /home/nathan/Desktop/homework_7/lib_projc.a(config.o)
config_set_modified                               /home/nathan/Desktop/homework_7/lib_projc.a(config.o)
                                                  obj/Release/util.o
config_update                                     /home/nathan/Desktop/homework_7/lib_projc.a(config.o)
                                                  obj/Release/util.o
                                                  obj/Release/main.o
config_update_noisr                               /home/nathan/Desktop/homework_7/lib_projc.a(config.o)
                                                  obj/Release/wdt.o
config_write_defaults                             /home/nathan/Desktop/homework_7/lib_projc.a(config.o)
current_temperature                               obj/Release/main.o
                                                  /home/nathan/Desktop/homework_7/lib_projc.a(uartsocket.o)
delay_get                                         /home/nathan/Desktop/homework_7/lib_projc.a(delay.o)
delay_init                                        /home/nathan/Desktop/homework_7/lib_projc.a(delay.o)
delay_isdone                                      /home/nathan/Desktop/homework_7/lib_projc.a(delay.o)
                                                  /home/nathan/Desktop/homework_7/lib_projc.a(led.o)
                                                  obj/Release/main.o
delay_set                                         /home/nathan/Desktop/homework_7/lib_projc.a(delay.o)
                                                  /home/nathan/Desktop/homework_7/lib_projc.a(led.o)
                                                  obj/Release/main.o
eeprom_isbusy                                     /home/nathan/Desktop/homework_7/lib_projc.a(eeprom.o)
                                                  /home/nathan/Desktop/homework_7/lib_projc.a(vpd.o)
                                                  /home/nathan/Desktop/homework_7/lib_projc.a(log.o)
                                                  /home/nathan/Desktop/homework_7/lib_projc.a(config.o)
                                                  obj/Release/main.o
eeprom_readbuf                                    /home/nathan/Desktop/homework_7/lib_projc.a(eeprom.o)
                                                  /home/nathan/Desktop/homework_7/lib_projc.a(vpd.o)
                                                  /home/nathan/Desktop/homework_7/lib_projc.a(log.o)
                                                  /home/nathan/Desktop/homework_7/lib_projc.a(config.o)
eeprom_startwrite                                 /home/nathan/Desktop/homework_7/lib_projc.a(eeprom.o)
eeprom_writebuf                                   /home/nathan/Desktop/homework_7/lib_projc.a(eeprom.o)
                                                  /home/nathan/Desktop/homework_7/lib_projc.a(vpd.o)
                                                  /home/nathan/Desktop/homework_7/lib_projc.a(log.o)
                                                  /home/nathan/Desktop/homework_7/lib_projc.a(config.o)
eeprom_writebuf_noisr                             /home/nathan/Desktop/homework_7/lib_projc.a(eeprom.o)
                                                  /home/nathan/Desktop/homework_7/lib_projc.a(log.o)
                                                  /home/nathan/Desktop/homework_7/lib_projc.a(config.o)
exit                                              /usr/lib/gcc/avr/5.4.0/avr5/libgcc.a(_exit.o)
                                                  /usr/lib/gcc/avr/5.4.0/../../../avr/lib/avr5/crtatmega328p.o
get_month                                         /home/nathan/Desktop/homework_7/lib_projc.a(rtc.o)
is_leapyear                                       /home/nathan/Desktop/homework_7/lib_projc.a(rtc.o)
led_init                                          /home/nathan/Desktop/homework_7/lib_projc.a(led.o)
                                                  obj/Release/main.o
led_is_on                                         /home/nathan/Desktop/homework_7/lib_projc.a(led.o)
led_off                                           /home/nathan/Desktop/homework_7/lib_projc.a(led.o)
led_on                                            /home/nathan/Desktop/homework_7/lib_projc.a(led.o)
led_set_blink                                     /home/nathan/Desktop/homework_7/lib_projc.a(led.o)
                                                  obj/Release/tempfsm.o
led_update                                        /home/nathan/Desktop/homework_7/lib_projc.a(led.o)
                                                  obj/Release/main.o
log_add_record                                    /home/nathan/Desktop/homework_7/lib_projc.a(log.o)
                                                  obj/Release/wdt.o
                                                  obj/Release/tempfsm.o
                                                  obj/Release/main.o
log_clear                                         /home/nathan/Desktop/homework_7/lib_projc.a(log.o)
                                                  /home/nathan/Desktop/homework_7/lib_projc.a(uartsocket.o)
log_get_num_entries                               /home/nathan/Desktop/homework_7/lib_projc.a(log.o)
                                                  /home/nathan/Desktop/homework_7/lib_projc.a(uartsocket.o)
log_get_record                                    /home/nathan/Desktop/homework_7/lib_projc.a(log.o)
                                                  /home/nathan/Desktop/homework_7/lib_projc.a(uartsocket.o)
log_init                                          /home/nathan/Desktop/homework_7/lib_projc.a(log.o)
                                                  obj/Release/main.o
log_is_data_valid                                 /home/nathan/Desktop/homework_7/lib_projc.a(log.o)
log_update                                        /home/nathan/Desktop/homework_7/lib_projc.a(log.o)
                                                  obj/Release/main.o
log_update_noisr                                  /home/nathan/Desktop/homework_7/lib_projc.a(log.o)
                                                  obj/Release/wdt.o
main                                              obj/Release/main.o
                                                  /usr/lib/gcc/avr/5.4.0/../../../avr/lib/avr5/crtatmega328p.o
mem_cmp                                           /home/nathan/Desktop/homework_7/lib_projc.a(str.o)
mem_cpy                                           /home/nathan/Desktop/homework_7/lib_projc.a(str.o)
mem_set                                           /home/nathan/Desktop/homework_7/lib_projc.a(str.o)
millis                                            /home/nathan/Desktop/homework_7/lib_projc.a(delay.o)
parse_and_send_response                           /home/nathan/Desktop/homework_7/lib_projc.a(uartsocket.o)
                                                  obj/Release/main.o
random                                            /home/nathan/Desktop/homework_7/lib_projc.a(util.o)
random_seed                                       /home/nathan/Desktop/homework_7/lib_projc.a(util.o)
rtc_base                                          /home/nathan/Desktop/homework_7/lib_projc.a(rtc.o)
rtc_get_date                                      /home/nathan/Desktop/homework_7/lib_projc.a(rtc.o)
                                                  /home/nathan/Desktop/homework_7/lib_projc.a(log.o)
rtc_get_date_string                               /home/nathan/Desktop/homework_7/lib_projc.a(rtc.o)
rtc_init                                          /home/nathan/Desktop/homework_7/lib_projc.a(rtc.o)
                                                  obj/Release/main.o
rtc_num2datestr                                   /home/nathan/Desktop/homework_7/lib_projc.a(rtc.o)
                                                  /home/nathan/Desktop/homework_7/lib_projc.a(uartsocket.o)
rtc_set_by_datestr                                /home/nathan/Desktop/homework_7/lib_projc.a(rtc.o)
rtc_set_date                                      /home/nathan/Desktop/homework_7/lib_projc.a(rtc.o)
rxbuf                                             /home/nathan/Desktop/homework_7/lib_projc.a(serial.o)
rxhead                                            /home/nathan/Desktop/homework_7/lib_projc.a(serial.o)
rxtail                                            /home/nathan/Desktop/homework_7/lib_projc.a(serial.o)
serial_init                                       /home/nathan/Desktop/homework_7/lib_projc.a(serial.o)
                                                  /home/nathan/Desktop/homework_7/lib_projc.a(uart.o)
serial_is_packet_ready                            /home/nathan/Desktop/homework_7/lib_projc.a(serial.o)
                                                  /home/nathan/Desktop/homework_7/lib_projc.a(uartsocket.o)
                                                  /home/nathan/Desktop/homework_7/lib_projc.a(uart.o)
serial_isconnected                                /home/nathan/Desktop/homework_7/lib_projc.a(serial.o)
                                                  /home/nathan/Desktop/homework_7/lib_projc.a(uartsocket.o)
                                                  /home/nathan/Desktop/homework_7/lib_projc.a(uart.o)
serial_popchar                                    /home/nathan/Desktop/homework_7/lib_projc.a(serial.o)
                                                  /home/nathan/Desktop/homework_7/lib_projc.a(uartsocket.o)
                                                  /home/nathan/Desktop/homework_7/lib_projc.a(uart.o)
serial_rxchars                                    /home/nathan/Desktop/homework_7/lib_projc.a(serial.o)
                                                  /home/nathan/Desktop/homework_7/lib_projc.a(uartsocket.o)
                                                  /home/nathan/Desktop/homework_7/lib_projc.a(uart.o)
serial_writechar                                  /home/nathan/Desktop/homework_7/lib_projc.a(serial.o)
                                                  /home/nathan/Desktop/homework_7/lib_projc.a(uart.o)
serial_writestr                                   /home/nathan/Desktop/homework_7/lib_projc.a(serial.o)
serial_writestr_P                                 /home/nathan/Desktop/homework_7/lib_projc.a(serial.o)
siminfo_cpufrequency                              /home/nathan/Desktop/homework_7/lib_projc.a(uart.o)
siminfo_device                                    /home/nathan/Desktop/homework_7/lib_projc.a(uart.o)
siminfo_serial_in                                 /home/nathan/Desktop/homework_7/lib_projc.a(uart.o)
siminfo_serial_out                                /home/nathan/Desktop/homework_7/lib_projc.a(uart.o)
state                                             obj/Release/tempfsm.o
state_hi_crit                                     obj/Release/tempfsm.o
state_hi_warn                                     obj/Release/tempfsm.o
state_lo_crit                                     obj/Release/tempfsm.o
state_lo_warn                                     obj/Release/tempfsm.o
state_norm                                        obj/Release/tempfsm.o
str_cmp                                           /home/nathan/Desktop/homework_7/lib_projc.a(util.o)
                                                  /home/nathan/Desktop/homework_7/lib_projc.a(uartsocket.o)
str_cpy                                           /home/nathan/Desktop/homework_7/lib_projc.a(str.o)
                                                  /home/nathan/Desktop/homework_7/lib_projc.a(rtc.o)
str_len                                           /home/nathan/Desktop/homework_7/lib_projc.a(str.o)
str_writeudec16                                   /home/nathan/Desktop/homework_7/lib_projc.a(str.o)
                                                  /home/nathan/Desktop/homework_7/lib_projc.a(rtc.o)
strtoi                                            /home/nathan/Desktop/homework_7/lib_projc.a(util.o)
temp_get                                          /home/nathan/Desktop/homework_7/lib_projc.a(temp.o)
                                                  obj/Release/main.o
temp_init                                         /home/nathan/Desktop/homework_7/lib_projc.a(temp.o)
                                                  obj/Release/main.o
temp_is_data_ready                                /home/nathan/Desktop/homework_7/lib_projc.a(temp.o)
temp_start                                        /home/nathan/Desktop/homework_7/lib_projc.a(temp.o)
                                                  obj/Release/main.o
tempfsm_init                                      obj/Release/tempfsm.o
                                                  obj/Release/main.o
tempfsm_reset                                     obj/Release/tempfsm.o
tempfsm_update                                    obj/Release/tempfsm.o
                                                  obj/Release/main.o
timer1_clear                                      /home/nathan/Desktop/homework_7/lib_projc.a(timer1.o)
                                                  /home/nathan/Desktop/homework_7/lib_projc.a(rtc.o)
timer1_get                                        /home/nathan/Desktop/homework_7/lib_projc.a(timer1.o)
                                                  /home/nathan/Desktop/homework_7/lib_projc.a(rtc.o)
timer1_init                                       /home/nathan/Desktop/homework_7/lib_projc.a(timer1.o)
                                                  /home/nathan/Desktop/homework_7/lib_projc.a(rtc.o)
txbuf                                             /home/nathan/Desktop/homework_7/lib_projc.a(serial.o)
txhead                                            /home/nathan/Desktop/homework_7/lib_projc.a(serial.o)
txtail                                            /home/nathan/Desktop/homework_7/lib_projc.a(serial.o)
uart_init                                         /home/nathan/Desktop/homework_7/lib_projc.a(uart.o)
                                                  obj/Release/main.o
uart_is_connected                                 /home/nathan/Desktop/homework_7/lib_projc.a(uart.o)
uart_is_packet_available                          /home/nathan/Desktop/homework_7/lib_projc.a(uart.o)
uart_readpacket                                   /home/nathan/Desktop/homework_7/lib_projc.a(uart.o)
uart_writechar                                    /home/nathan/Desktop/homework_7/lib_projc.a(uart.o)
                                                  /home/nathan/Desktop/homework_7/lib_projc.a(uartsocket.o)
uart_writedec32                                   /home/nathan/Desktop/homework_7/lib_projc.a(uart.o)
                                                  /home/nathan/Desktop/homework_7/lib_projc.a(uartsocket.o)
                                                  /home/nathan/Desktop/homework_7/lib_projc.a(alarm.o)
uart_writehex16                                   /home/nathan/Desktop/homework_7/lib_projc.a(uart.o)
                                                  /home/nathan/Desktop/homework_7/lib_projc.a(uartsocket.o)
uart_writehex8                                    /home/nathan/Desktop/homework_7/lib_projc.a(uart.o)
                                                  /home/nathan/Desktop/homework_7/lib_projc.a(uartsocket.o)
uart_writeip                                      /home/nathan/Desktop/homework_7/lib_projc.a(uart.o)
uart_writestr                                     /home/nathan/Desktop/homework_7/lib_projc.a(uart.o)
                                                  /home/nathan/Desktop/homework_7/lib_projc.a(uartsocket.o)
                                                  /home/nathan/Desktop/homework_7/lib_projc.a(alarm.o)
                                                  obj/Release/main.o
uartsocket_is_connected                           /home/nathan/Desktop/homework_7/lib_projc.a(uartsocket.o)
                                                  obj/Release/main.o
uartsocket_is_packet_available                    /home/nathan/Desktop/homework_7/lib_projc.a(uartsocket.o)
                                                  obj/Release/main.o
uartsocket_readpacket                             /home/nathan/Desktop/homework_7/lib_projc.a(uartsocket.o)
uartsocket_writechar                              /home/nathan/Desktop/homework_7/lib_projc.a(uartsocket.o)
uartsocket_writedec32                             /home/nathan/Desktop/homework_7/lib_projc.a(uartsocket.o)
uartsocket_writehex16                             /home/nathan/Desktop/homework_7/lib_projc.a(uartsocket.o)
uartsocket_writehex8                              /home/nathan/Desktop/homework_7/lib_projc.a(uartsocket.o)
uartsocket_writestr                               /home/nathan/Desktop/homework_7/lib_projc.a(uartsocket.o)
                                                  obj/Release/main.o
update_checksum                                   /home/nathan/Desktop/homework_7/lib_projc.a(util.o)
                                                  /home/nathan/Desktop/homework_7/lib_projc.a(vpd.o)
                                                  /home/nathan/Desktop/homework_7/lib_projc.a(log.o)
                                                  /home/nathan/Desktop/homework_7/lib_projc.a(config.o)
update_tcrit_hi                                   obj/Release/util.o
                                                  /home/nathan/Desktop/homework_7/lib_projc.a(uartsocket.o)
update_tcrit_lo                                   obj/Release/util.o
                                                  /home/nathan/Desktop/homework_7/lib_projc.a(uartsocket.o)
update_twarn_hi                                   obj/Release/util.o
                                                  /home/nathan/Desktop/homework_7/lib_projc.a(uartsocket.o)
update_twarn_lo                                   obj/Release/util.o
                                                  /home/nathan/Desktop/homework_7/lib_projc.a(uartsocket.o)
vpd                                               /home/nathan/Desktop/homework_7/lib_projc.a(vpd.o)
                                                  /home/nathan/Desktop/homework_7/lib_projc.a(uartsocket.o)
vpd_init                                          /home/nathan/Desktop/homework_7/lib_projc.a(vpd.o)
                                                  obj/Release/main.o
vpd_is_data_valid                                 /home/nathan/Desktop/homework_7/lib_projc.a(vpd.o)
vpd_write_defaults                                /home/nathan/Desktop/homework_7/lib_projc.a(vpd.o)
wdt_force_restart                                 obj/Release/wdt.o
                                                  /home/nathan/Desktop/homework_7/lib_projc.a(uartsocket.o)
wdt_init                                          obj/Release/wdt.o
                                                  obj/Release/main.o
wdt_reset                                         obj/Release/wdt.o
                                                  obj/Release/main.o
write_busy                                        /home/nathan/Desktop/homework_7/lib_projc.a(eeprom.o)
writeaddr                                         /home/nathan/Desktop/homework_7/lib_projc.a(eeprom.o)
writebuf                                          /home/nathan/Desktop/homework_7/lib_projc.a(eeprom.o)
writesize                                         /home/nathan/Desktop/homework_7/lib_projc.a(eeprom.o)
