Archive member included to satisfy reference by file (symbol)

/home/nathan/Desktop/homework_7/lib_projc.a(alarm.o)
                              obj/Debug/main.o (alarm_init)
/home/nathan/Desktop/homework_7/lib_projc.a(config.o)
                              obj/Debug/util.o (config_set_modified)
/home/nathan/Desktop/homework_7/lib_projc.a(delay.o)
                              obj/Debug/main.o (delay_isdone)
/home/nathan/Desktop/homework_7/lib_projc.a(eeprom.o)
                              /home/nathan/Desktop/homework_7/lib_projc.a(config.o) (eeprom_writebuf)
/home/nathan/Desktop/homework_7/lib_projc.a(led.o)
                              obj/Debug/main.o (led_init)
/home/nathan/Desktop/homework_7/lib_projc.a(log.o)
                              obj/Debug/main.o (log_init)
/home/nathan/Desktop/homework_7/lib_projc.a(rtc.o)
                              obj/Debug/main.o (rtc_init)
/home/nathan/Desktop/homework_7/lib_projc.a(str.o)
                              /home/nathan/Desktop/homework_7/lib_projc.a(rtc.o) (str_cpy)
/home/nathan/Desktop/homework_7/lib_projc.a(temp.o)
                              obj/Debug/main.o (temp_init)
/home/nathan/Desktop/homework_7/lib_projc.a(timer1.o)
                              /home/nathan/Desktop/homework_7/lib_projc.a(rtc.o) (timer1_init)
/home/nathan/Desktop/homework_7/lib_projc.a(uart.o)
                              obj/Debug/main.o (uart_init)
/home/nathan/Desktop/homework_7/lib_projc.a(uartsocket.o)
                              obj/Debug/main.o (uartsocket_writestr)
/home/nathan/Desktop/homework_7/lib_projc.a(util.o)
                              /home/nathan/Desktop/homework_7/lib_projc.a(uartsocket.o) (str_cmp)
/home/nathan/Desktop/homework_7/lib_projc.a(vpd.o)
                              /home/nathan/Desktop/homework_7/lib_projc.a(uartsocket.o) (vpd)
/home/nathan/Desktop/homework_7/lib_projc.a(serial.o)
                              /home/nathan/Desktop/homework_7/lib_projc.a(uart.o) (serial_init)
/usr/lib/gcc/avr/5.4.0/avr5/libgcc.a(_mulsi3.o)
                              /home/nathan/Desktop/homework_7/lib_projc.a(rtc.o) (__mulsi3)
/usr/lib/gcc/avr/5.4.0/avr5/libgcc.a(_udivmodhi4.o)
                              /home/nathan/Desktop/homework_7/lib_projc.a(rtc.o) (__udivmodhi4)
/usr/lib/gcc/avr/5.4.0/avr5/libgcc.a(_divmodhi4.o)
                              /home/nathan/Desktop/homework_7/lib_projc.a(log.o) (__divmodhi4)
/usr/lib/gcc/avr/5.4.0/avr5/libgcc.a(_udivmodsi4.o)
                              /home/nathan/Desktop/homework_7/lib_projc.a(rtc.o) (__udivmodsi4)
/usr/lib/gcc/avr/5.4.0/avr5/libgcc.a(_divmodsi4.o)
                              /home/nathan/Desktop/homework_7/lib_projc.a(temp.o) (__divmodsi4)
/usr/lib/gcc/avr/5.4.0/avr5/libgcc.a(_negsi2.o)
                              /usr/lib/gcc/avr/5.4.0/avr5/libgcc.a(_divmodsi4.o) (__negsi2)
/usr/lib/gcc/avr/5.4.0/avr5/libgcc.a(_exit.o)
                              /usr/lib/gcc/avr/5.4.0/../../../avr/lib/avr5/crtatmega328p.o (exit)
/usr/lib/gcc/avr/5.4.0/avr5/libgcc.a(_tablejump2.o)
                              obj/Debug/tempfsm.o (__tablejump2__)
/usr/lib/gcc/avr/5.4.0/avr5/libgcc.a(_copy_data.o)
                              obj/Debug/main.o (__do_copy_data)
/usr/lib/gcc/avr/5.4.0/avr5/libgcc.a(_clear_bss.o)
                              obj/Debug/tempfsm.o (__do_clear_bss)
/usr/lib/gcc/avr/5.4.0/avr5/libgcc.a(_umulhisi3.o)
                              /home/nathan/Desktop/homework_7/lib_projc.a(rtc.o) (__umulhisi3)
/usr/lib/gcc/avr/5.4.0/avr5/libgcc.a(_muluhisi3.o)
                              /home/nathan/Desktop/homework_7/lib_projc.a(rtc.o) (__muluhisi3)

Allocating common symbols
Common symbol       size              file

rxbuf               0x40              /home/nathan/Desktop/homework_7/lib_projc.a(serial.o)
write_busy          0x1               /home/nathan/Desktop/homework_7/lib_projc.a(eeprom.o)
vpd                 0x37              /home/nathan/Desktop/homework_7/lib_projc.a(vpd.o)
writeaddr           0x2               /home/nathan/Desktop/homework_7/lib_projc.a(eeprom.o)
rtc_base            0x4               /home/nathan/Desktop/homework_7/lib_projc.a(rtc.o)
writesize           0x1               /home/nathan/Desktop/homework_7/lib_projc.a(eeprom.o)
state               0x1               obj/Debug/tempfsm.o
writebuf            0x40              /home/nathan/Desktop/homework_7/lib_projc.a(eeprom.o)
txbuf               0x40              /home/nathan/Desktop/homework_7/lib_projc.a(serial.o)
bufidx              0x1               /home/nathan/Desktop/homework_7/lib_projc.a(eeprom.o)
config              0x12              /home/nathan/Desktop/homework_7/lib_projc.a(config.o)

Memory Configuration

Name             Origin             Length             Attributes
text             0x0000000000000000 0x0000000000020000 xr
data             0x0000000000800060 0x000000000000ffa0 rw !x
eeprom           0x0000000000810000 0x0000000000010000 rw !x
fuse             0x0000000000820000 0x0000000000000003 rw !x
lock             0x0000000000830000 0x0000000000000400 rw !x
signature        0x0000000000840000 0x0000000000000400 rw !x
user_signatures  0x0000000000850000 0x0000000000000400 rw !x
*default*        0x0000000000000000 0xffffffffffffffff

Linker script and memory map

Address of section .data set to 0x800100
LOAD /usr/lib/gcc/avr/5.4.0/../../../avr/lib/avr5/crtatmega328p.o
LOAD obj/Debug/main.o
LOAD obj/Debug/tempfsm.o
LOAD obj/Debug/util.o
LOAD obj/Debug/wdt.o
LOAD /home/nathan/Desktop/homework_7/lib_projc.a
LOAD /usr/lib/gcc/avr/5.4.0/avr5/libgcc.a
LOAD /usr/lib/gcc/avr/5.4.0/../../../avr/lib/avr5/libm.a
START GROUP
LOAD /usr/lib/gcc/avr/5.4.0/avr5/libgcc.a
LOAD /usr/lib/gcc/avr/5.4.0/../../../avr/lib/avr5/libm.a
LOAD /usr/lib/gcc/avr/5.4.0/../../../avr/lib/avr5/libc.a
LOAD /usr/lib/gcc/avr/5.4.0/../../../avr/lib/avr5/libatmega328p.a
END GROUP
                0x0000000000020000                __TEXT_REGION_LENGTH__ = DEFINED (__TEXT_REGION_LENGTH__)?__TEXT_REGION_LENGTH__:0x20000
                0x000000000000ffa0                __DATA_REGION_LENGTH__ = DEFINED (__DATA_REGION_LENGTH__)?__DATA_REGION_LENGTH__:0xffa0
                0x0000000000010000                __EEPROM_REGION_LENGTH__ = DEFINED (__EEPROM_REGION_LENGTH__)?__EEPROM_REGION_LENGTH__:0x10000
                [0x0000000000000003]                __FUSE_REGION_LENGTH__ = DEFINED (__FUSE_REGION_LENGTH__)?__FUSE_REGION_LENGTH__:0x400
                0x0000000000000400                __LOCK_REGION_LENGTH__ = DEFINED (__LOCK_REGION_LENGTH__)?__LOCK_REGION_LENGTH__:0x400
                0x0000000000000400                __SIGNATURE_REGION_LENGTH__ = DEFINED (__SIGNATURE_REGION_LENGTH__)?__SIGNATURE_REGION_LENGTH__:0x400
                0x0000000000000400                __USER_SIGNATURE_REGION_LENGTH__ = DEFINED (__USER_SIGNATURE_REGION_LENGTH__)?__USER_SIGNATURE_REGION_LENGTH__:0x400

.hash
 *(.hash)

.dynsym
 *(.dynsym)

.dynstr
 *(.dynstr)

.gnu.version
 *(.gnu.version)

.gnu.version_d
 *(.gnu.version_d)

.gnu.version_r
 *(.gnu.version_r)

.rel.init
 *(.rel.init)

.rela.init
 *(.rela.init)

.rel.text
 *(.rel.text)
 *(.rel.text.*)
 *(.rel.gnu.linkonce.t*)

.rela.text
 *(.rela.text)
 *(.rela.text.*)
 *(.rela.gnu.linkonce.t*)

.rel.fini
 *(.rel.fini)

.rela.fini
 *(.rela.fini)

.rel.rodata
 *(.rel.rodata)
 *(.rel.rodata.*)
 *(.rel.gnu.linkonce.r*)

.rela.rodata
 *(.rela.rodata)
 *(.rela.rodata.*)
 *(.rela.gnu.linkonce.r*)

.rel.data
 *(.rel.data)
 *(.rel.data.*)
 *(.rel.gnu.linkonce.d*)

.rela.data
 *(.rela.data)
 *(.rela.data.*)
 *(.rela.gnu.linkonce.d*)

.rel.ctors
 *(.rel.ctors)

.rela.ctors
 *(.rela.ctors)

.rel.dtors
 *(.rel.dtors)

.rela.dtors
 *(.rela.dtors)

.rel.got
 *(.rel.got)

.rela.got
 *(.rela.got)

.rel.bss
 *(.rel.bss)

.rela.bss
 *(.rela.bss)

.rel.plt
 *(.rel.plt)

.rela.plt
 *(.rela.plt)

.text           0x0000000000000000     0x2a9e
 *(.vectors)
 .vectors       0x0000000000000000       0x68 /usr/lib/gcc/avr/5.4.0/../../../avr/lib/avr5/crtatmega328p.o
                0x0000000000000000                __vectors
                0x0000000000000000                __vector_default
 *(.vectors)
 *(.progmem.gcc*)
 .progmem.gcc_sw_table
                0x0000000000000068       0x12 obj/Debug/tempfsm.o
                0x000000000000007a                . = ALIGN (0x2)
                0x000000000000007a                __trampolines_start = .
 *(.trampolines)
 .trampolines   0x000000000000007a        0x0 linker stubs
 *(.trampolines*)
                0x000000000000007a                __trampolines_end = .
 *libprintf_flt.a:*(.progmem.data)
 *libc.a:*(.progmem.data)
 *(.progmem*)
                0x000000000000007a                . = ALIGN (0x2)
 *(.jumptables)
 *(.jumptables*)
 *(.lowtext)
 *(.lowtext*)
                0x000000000000007a                __ctors_start = .
 *(.ctors)
                0x000000000000007a                __ctors_end = .
                0x000000000000007a                __dtors_start = .
 *(.dtors)
                0x000000000000007a                __dtors_end = .
 SORT(*)(.ctors)
 SORT(*)(.dtors)
 *(.init0)
 .init0         0x000000000000007a        0x0 /usr/lib/gcc/avr/5.4.0/../../../avr/lib/avr5/crtatmega328p.o
                0x000000000000007a                __init
 *(.init0)
 *(.init1)
 *(.init1)
 *(.init2)
 .init2         0x000000000000007a        0xc /usr/lib/gcc/avr/5.4.0/../../../avr/lib/avr5/crtatmega328p.o
 *(.init2)
 *(.init3)
 *(.init3)
 *(.init4)
 .init4         0x0000000000000086       0x16 /usr/lib/gcc/avr/5.4.0/avr5/libgcc.a(_copy_data.o)
                0x0000000000000086                __do_copy_data
 .init4         0x000000000000009c       0x10 /usr/lib/gcc/avr/5.4.0/avr5/libgcc.a(_clear_bss.o)
                0x000000000000009c                __do_clear_bss
 *(.init4)
 *(.init5)
 *(.init5)
 *(.init6)
 *(.init6)
 *(.init7)
 *(.init7)
 *(.init8)
 *(.init8)
 *(.init9)
 .init9         0x00000000000000ac        0x8 /usr/lib/gcc/avr/5.4.0/../../../avr/lib/avr5/crtatmega328p.o
 *(.init9)
 *(.text)
 .text          0x00000000000000b4        0x4 /usr/lib/gcc/avr/5.4.0/../../../avr/lib/avr5/crtatmega328p.o
                0x00000000000000b4                __vector_1
                0x00000000000000b4                __vector_24
                0x00000000000000b4                __vector_12
                0x00000000000000b4                __bad_interrupt
                0x00000000000000b4                __vector_3
                0x00000000000000b4                __vector_23
                0x00000000000000b4                __vector_25
                0x00000000000000b4                __vector_13
                0x00000000000000b4                __vector_17
                0x00000000000000b4                __vector_7
                0x00000000000000b4                __vector_5
                0x00000000000000b4                __vector_4
                0x00000000000000b4                __vector_9
                0x00000000000000b4                __vector_2
                0x00000000000000b4                __vector_21
                0x00000000000000b4                __vector_15
                0x00000000000000b4                __vector_8
                0x00000000000000b4                __vector_10
                0x00000000000000b4                __vector_16
                0x00000000000000b4                __vector_20
 .text          0x00000000000000b8      0x120 obj/Debug/main.o
                0x00000000000000b8                main
 .text          0x00000000000001d8      0x396 obj/Debug/tempfsm.o
                0x00000000000001d8                tempfsm_init
                0x00000000000001ec                state_hi_crit
                0x000000000000024a                state_hi_warn
                0x00000000000002d0                state_norm
                0x000000000000035e                state_lo_crit
                0x00000000000003bc                state_lo_warn
                0x000000000000043c                tempfsm_update
                0x000000000000055a                tempfsm_reset
 .text          0x000000000000056e      0x160 obj/Debug/util.o
                0x000000000000056e                update_tcrit_hi
                0x00000000000005d2                update_twarn_hi
                0x000000000000062c                update_tcrit_lo
                0x0000000000000674                update_twarn_lo
 .text          0x00000000000006ce       0xde obj/Debug/wdt.o
                0x00000000000006ce                wdt_init
                0x00000000000006e0                wdt_reset
                0x00000000000006f0                wdt_force_restart
                0x000000000000072c                __vector_6
 .text          0x00000000000007ac       0x26 /home/nathan/Desktop/homework_7/lib_projc.a(alarm.o)
                0x00000000000007ac                alarm_init
                0x00000000000007ae                alarm_send
 .text          0x00000000000007d2       0xf0 /home/nathan/Desktop/homework_7/lib_projc.a(config.o)
                0x00000000000007d2                config_set_modified
                0x00000000000007da                config_is_data_valid
                0x000000000000081a                config_write_defaults
                0x0000000000000834                config_init
                0x000000000000086a                config_update
                0x000000000000089a                config_update_noisr
 .text          0x00000000000008c2      0x19e /home/nathan/Desktop/homework_7/lib_projc.a(delay.o)
                0x00000000000008c2                __vector_14
                0x0000000000000964                delay_init
                0x0000000000000988                delay_get
                0x00000000000009a8                delay_isdone
                0x00000000000009da                delay_set
                0x0000000000000a2e                millis
 .text          0x0000000000000a60      0x12c /home/nathan/Desktop/homework_7/lib_projc.a(eeprom.o)
                0x0000000000000a60                eeprom_startwrite
                0x0000000000000a66                __vector_22
                0x0000000000000af2                eeprom_writebuf
                0x0000000000000b2c                eeprom_writebuf_noisr
                0x0000000000000b5a                eeprom_readbuf
                0x0000000000000b84                eeprom_isbusy
 .text          0x0000000000000b8c       0xfc /home/nathan/Desktop/homework_7/lib_projc.a(led.o)
                0x0000000000000b8c                led_init
                0x0000000000000b9e                led_on
                0x0000000000000ba2                led_off
                0x0000000000000ba6                led_set_blink
                0x0000000000000bca                led_update
                0x0000000000000c7e                led_is_on
 .text          0x0000000000000c88      0x43c /home/nathan/Desktop/homework_7/lib_projc.a(log.o)
                0x0000000000000c88                log_is_data_valid
                0x0000000000000cd4                log_init
                0x0000000000000e5e                log_update
                0x0000000000000eca                log_update_noisr
                0x0000000000000f2e                log_add_record
                0x0000000000000fd0                log_clear
                0x000000000000100a                log_get_num_entries
                0x000000000000103c                log_get_record
 .text          0x00000000000010c4      0x5d8 /home/nathan/Desktop/homework_7/lib_projc.a(rtc.o)
                0x00000000000010c4                rtc_init
                0x00000000000010c8                rtc_get_date
                0x00000000000010cc                rtc_set_date
                0x00000000000010e0                is_leapyear
                0x0000000000001114                rtc_set_by_datestr
                0x00000000000013de                get_month
                0x000000000000146e                rtc_num2datestr
                0x0000000000001674                rtc_get_date_string
 .text          0x000000000000169c      0x144 /home/nathan/Desktop/homework_7/lib_projc.a(str.o)
                0x000000000000169c                mem_cpy
                0x00000000000016b4                mem_set
                0x00000000000016c8                mem_cmp
                0x00000000000016f6                str_cpy
                0x000000000000170a                str_len
                0x000000000000171c                str_writeudec16
 .text          0x00000000000017e0       0x6e /home/nathan/Desktop/homework_7/lib_projc.a(temp.o)
                0x00000000000017e0                temp_init
                0x00000000000017ee                temp_is_data_ready
                0x0000000000001804                temp_start
                0x0000000000001810                temp_get
 .text          0x000000000000184e       0x9a /home/nathan/Desktop/homework_7/lib_projc.a(timer1.o)
                0x000000000000184e                __vector_11
                0x0000000000001898                timer1_init
                0x00000000000018b8                timer1_get
                0x00000000000018d0                timer1_clear
 .text          0x00000000000018e8      0x23c /home/nathan/Desktop/homework_7/lib_projc.a(uart.o)
                0x00000000000018e8                uart_init
                0x00000000000018f0                uart_writechar
                0x00000000000018f4                uart_writestr
                0x000000000000190c                uart_writehex8
                0x000000000000193e                uart_writehex16
                0x0000000000001950                uart_writedec32
                0x0000000000001a78                uart_is_connected
                0x0000000000001a7c                uart_is_packet_available
                0x0000000000001a80                uart_readpacket
                0x0000000000001ae0                uart_writeip
 .text          0x0000000000001b24      0x72e /home/nathan/Desktop/homework_7/lib_projc.a(uartsocket.o)
                0x0000000000001bc6                uartsocket_writechar
                0x0000000000001bca                uartsocket_writestr
                0x0000000000001bce                uartsocket_writehex8
                0x0000000000001bd2                uartsocket_writehex16
                0x0000000000001bd6                uartsocket_writedec32
                0x0000000000001bda                uartsocket_is_connected
                0x0000000000001bde                uartsocket_is_packet_available
                0x0000000000001be2                uartsocket_readpacket
                0x0000000000001c66                parse_and_send_response
 .text          0x0000000000002252      0x214 /home/nathan/Desktop/homework_7/lib_projc.a(util.o)
                0x0000000000002252                str_cmp
                0x0000000000002288                update_checksum
                0x00000000000022b0                random_seed
                0x00000000000022e6                random
                0x00000000000023e8                strtoi
 .text          0x0000000000002466       0xc6 /home/nathan/Desktop/homework_7/lib_projc.a(vpd.o)
                0x0000000000002466                vpd_is_data_valid
                0x00000000000024a6                vpd_write_defaults
                0x00000000000024fa                vpd_init
 .text          0x000000000000252c      0x43c /home/nathan/Desktop/homework_7/lib_projc.a(serial.o)
                0x000000000000252c                serial_init
                0x0000000000002552                __vector_18
                0x00000000000027a2                __vector_19
                0x0000000000002808                serial_rxchars
                0x0000000000002816                serial_popchar
                0x0000000000002860                serial_isconnected
                0x00000000000028ae                serial_is_packet_ready
                0x00000000000028b4                serial_writechar
                0x0000000000002914                serial_writestr
                0x000000000000293e                serial_writestr_P
 .text          0x0000000000002968        0x0 /usr/lib/gcc/avr/5.4.0/avr5/libgcc.a(_mulsi3.o)
 .text          0x0000000000002968        0x0 /usr/lib/gcc/avr/5.4.0/avr5/libgcc.a(_udivmodhi4.o)
 .text          0x0000000000002968        0x0 /usr/lib/gcc/avr/5.4.0/avr5/libgcc.a(_divmodhi4.o)
 .text          0x0000000000002968        0x0 /usr/lib/gcc/avr/5.4.0/avr5/libgcc.a(_udivmodsi4.o)
 .text          0x0000000000002968        0x0 /usr/lib/gcc/avr/5.4.0/avr5/libgcc.a(_divmodsi4.o)
 .text          0x0000000000002968        0x0 /usr/lib/gcc/avr/5.4.0/avr5/libgcc.a(_negsi2.o)
 .text          0x0000000000002968        0x0 /usr/lib/gcc/avr/5.4.0/avr5/libgcc.a(_exit.o)
 .text          0x0000000000002968        0x0 /usr/lib/gcc/avr/5.4.0/avr5/libgcc.a(_tablejump2.o)
 .text          0x0000000000002968        0x0 /usr/lib/gcc/avr/5.4.0/avr5/libgcc.a(_copy_data.o)
 .text          0x0000000000002968        0x0 /usr/lib/gcc/avr/5.4.0/avr5/libgcc.a(_clear_bss.o)
 .text          0x0000000000002968        0x0 /usr/lib/gcc/avr/5.4.0/avr5/libgcc.a(_umulhisi3.o)
 .text          0x0000000000002968        0x0 /usr/lib/gcc/avr/5.4.0/avr5/libgcc.a(_muluhisi3.o)
                0x0000000000002968                . = ALIGN (0x2)
 *(.text.*)
 .text.libgcc.mul
                0x0000000000002968       0x20 /usr/lib/gcc/avr/5.4.0/avr5/libgcc.a(_mulsi3.o)
                0x0000000000002968                __mulsi3
 .text.libgcc.div
                0x0000000000002988        0x0 /usr/lib/gcc/avr/5.4.0/avr5/libgcc.a(_mulsi3.o)
 .text.libgcc   0x0000000000002988        0x0 /usr/lib/gcc/avr/5.4.0/avr5/libgcc.a(_mulsi3.o)
 .text.libgcc.prologue
                0x0000000000002988        0x0 /usr/lib/gcc/avr/5.4.0/avr5/libgcc.a(_mulsi3.o)
 .text.libgcc.builtins
                0x0000000000002988        0x0 /usr/lib/gcc/avr/5.4.0/avr5/libgcc.a(_mulsi3.o)
 .text.libgcc.fmul
                0x0000000000002988        0x0 /usr/lib/gcc/avr/5.4.0/avr5/libgcc.a(_mulsi3.o)
 .text.libgcc.fixed
                0x0000000000002988        0x0 /usr/lib/gcc/avr/5.4.0/avr5/libgcc.a(_mulsi3.o)
 .text.libgcc.mul
                0x0000000000002988        0x0 /usr/lib/gcc/avr/5.4.0/avr5/libgcc.a(_udivmodhi4.o)
 .text.libgcc.div
                0x0000000000002988       0x28 /usr/lib/gcc/avr/5.4.0/avr5/libgcc.a(_udivmodhi4.o)
                0x0000000000002988                __udivmodhi4
 .text.libgcc   0x00000000000029b0        0x0 /usr/lib/gcc/avr/5.4.0/avr5/libgcc.a(_udivmodhi4.o)
 .text.libgcc.prologue
                0x00000000000029b0        0x0 /usr/lib/gcc/avr/5.4.0/avr5/libgcc.a(_udivmodhi4.o)
 .text.libgcc.builtins
                0x00000000000029b0        0x0 /usr/lib/gcc/avr/5.4.0/avr5/libgcc.a(_udivmodhi4.o)
 .text.libgcc.fmul
                0x00000000000029b0        0x0 /usr/lib/gcc/avr/5.4.0/avr5/libgcc.a(_udivmodhi4.o)
 .text.libgcc.fixed
                0x00000000000029b0        0x0 /usr/lib/gcc/avr/5.4.0/avr5/libgcc.a(_udivmodhi4.o)
 .text.libgcc.mul
                0x00000000000029b0        0x0 /usr/lib/gcc/avr/5.4.0/avr5/libgcc.a(_divmodhi4.o)
 .text.libgcc.div
                0x00000000000029b0       0x28 /usr/lib/gcc/avr/5.4.0/avr5/libgcc.a(_divmodhi4.o)
                0x00000000000029b0                __divmodhi4
                0x00000000000029b0                _div
 .text.libgcc   0x00000000000029d8        0x0 /usr/lib/gcc/avr/5.4.0/avr5/libgcc.a(_divmodhi4.o)
 .text.libgcc.prologue
                0x00000000000029d8        0x0 /usr/lib/gcc/avr/5.4.0/avr5/libgcc.a(_divmodhi4.o)
 .text.libgcc.builtins
                0x00000000000029d8        0x0 /usr/lib/gcc/avr/5.4.0/avr5/libgcc.a(_divmodhi4.o)
 .text.libgcc.fmul
                0x00000000000029d8        0x0 /usr/lib/gcc/avr/5.4.0/avr5/libgcc.a(_divmodhi4.o)
 .text.libgcc.fixed
                0x00000000000029d8        0x0 /usr/lib/gcc/avr/5.4.0/avr5/libgcc.a(_divmodhi4.o)
 .text.libgcc.mul
                0x00000000000029d8        0x0 /usr/lib/gcc/avr/5.4.0/avr5/libgcc.a(_udivmodsi4.o)
 .text.libgcc.div
                0x00000000000029d8       0x44 /usr/lib/gcc/avr/5.4.0/avr5/libgcc.a(_udivmodsi4.o)
                0x00000000000029d8                __udivmodsi4
 .text.libgcc   0x0000000000002a1c        0x0 /usr/lib/gcc/avr/5.4.0/avr5/libgcc.a(_udivmodsi4.o)
 .text.libgcc.prologue
                0x0000000000002a1c        0x0 /usr/lib/gcc/avr/5.4.0/avr5/libgcc.a(_udivmodsi4.o)
 .text.libgcc.builtins
                0x0000000000002a1c        0x0 /usr/lib/gcc/avr/5.4.0/avr5/libgcc.a(_udivmodsi4.o)
 .text.libgcc.fmul
                0x0000000000002a1c        0x0 /usr/lib/gcc/avr/5.4.0/avr5/libgcc.a(_udivmodsi4.o)
 .text.libgcc.fixed
                0x0000000000002a1c        0x0 /usr/lib/gcc/avr/5.4.0/avr5/libgcc.a(_udivmodsi4.o)
 .text.libgcc.mul
                0x0000000000002a1c        0x0 /usr/lib/gcc/avr/5.4.0/avr5/libgcc.a(_divmodsi4.o)
 .text.libgcc.div
                0x0000000000002a1c       0x2e /usr/lib/gcc/avr/5.4.0/avr5/libgcc.a(_divmodsi4.o)
                0x0000000000002a1c                __divmodsi4
 .text.libgcc   0x0000000000002a4a        0x0 /usr/lib/gcc/avr/5.4.0/avr5/libgcc.a(_divmodsi4.o)
 .text.libgcc.prologue
                0x0000000000002a4a        0x0 /usr/lib/gcc/avr/5.4.0/avr5/libgcc.a(_divmodsi4.o)
 .text.libgcc.builtins
                0x0000000000002a4a        0x0 /usr/lib/gcc/avr/5.4.0/avr5/libgcc.a(_divmodsi4.o)
 .text.libgcc.fmul
                0x0000000000002a4a        0x0 /usr/lib/gcc/avr/5.4.0/avr5/libgcc.a(_divmodsi4.o)
 .text.libgcc.fixed
                0x0000000000002a4a        0x0 /usr/lib/gcc/avr/5.4.0/avr5/libgcc.a(_divmodsi4.o)
 .text.libgcc.mul
                0x0000000000002a4a        0x0 /usr/lib/gcc/avr/5.4.0/avr5/libgcc.a(_negsi2.o)
 .text.libgcc.div
                0x0000000000002a4a       0x10 /usr/lib/gcc/avr/5.4.0/avr5/libgcc.a(_negsi2.o)
                0x0000000000002a4a                __negsi2
 .text.libgcc   0x0000000000002a5a        0x0 /usr/lib/gcc/avr/5.4.0/avr5/libgcc.a(_negsi2.o)
 .text.libgcc.prologue
                0x0000000000002a5a        0x0 /usr/lib/gcc/avr/5.4.0/avr5/libgcc.a(_negsi2.o)
 .text.libgcc.builtins
                0x0000000000002a5a        0x0 /usr/lib/gcc/avr/5.4.0/avr5/libgcc.a(_negsi2.o)
 .text.libgcc.fmul
                0x0000000000002a5a        0x0 /usr/lib/gcc/avr/5.4.0/avr5/libgcc.a(_negsi2.o)
 .text.libgcc.fixed
                0x0000000000002a5a        0x0 /usr/lib/gcc/avr/5.4.0/avr5/libgcc.a(_negsi2.o)
 .text.libgcc.mul
                0x0000000000002a5a        0x0 /usr/lib/gcc/avr/5.4.0/avr5/libgcc.a(_exit.o)
 .text.libgcc.div
                0x0000000000002a5a        0x0 /usr/lib/gcc/avr/5.4.0/avr5/libgcc.a(_exit.o)
 .text.libgcc   0x0000000000002a5a        0x0 /usr/lib/gcc/avr/5.4.0/avr5/libgcc.a(_exit.o)
 .text.libgcc.prologue
                0x0000000000002a5a        0x0 /usr/lib/gcc/avr/5.4.0/avr5/libgcc.a(_exit.o)
 .text.libgcc.builtins
                0x0000000000002a5a        0x0 /usr/lib/gcc/avr/5.4.0/avr5/libgcc.a(_exit.o)
 .text.libgcc.fmul
                0x0000000000002a5a        0x0 /usr/lib/gcc/avr/5.4.0/avr5/libgcc.a(_exit.o)
 .text.libgcc.fixed
                0x0000000000002a5a        0x0 /usr/lib/gcc/avr/5.4.0/avr5/libgcc.a(_exit.o)
 .text.libgcc.mul
                0x0000000000002a5a        0x0 /usr/lib/gcc/avr/5.4.0/avr5/libgcc.a(_tablejump2.o)
 .text.libgcc.div
                0x0000000000002a5a        0x0 /usr/lib/gcc/avr/5.4.0/avr5/libgcc.a(_tablejump2.o)
 .text.libgcc   0x0000000000002a5a        0xc /usr/lib/gcc/avr/5.4.0/avr5/libgcc.a(_tablejump2.o)
                0x0000000000002a5a                __tablejump2__
 .text.libgcc.prologue
                0x0000000000002a66        0x0 /usr/lib/gcc/avr/5.4.0/avr5/libgcc.a(_tablejump2.o)
 .text.libgcc.builtins
                0x0000000000002a66        0x0 /usr/lib/gcc/avr/5.4.0/avr5/libgcc.a(_tablejump2.o)
 .text.libgcc.fmul
                0x0000000000002a66        0x0 /usr/lib/gcc/avr/5.4.0/avr5/libgcc.a(_tablejump2.o)
 .text.libgcc.fixed
                0x0000000000002a66        0x0 /usr/lib/gcc/avr/5.4.0/avr5/libgcc.a(_tablejump2.o)
 .text.libgcc.mul
                0x0000000000002a66        0x0 /usr/lib/gcc/avr/5.4.0/avr5/libgcc.a(_copy_data.o)
 .text.libgcc.div
                0x0000000000002a66        0x0 /usr/lib/gcc/avr/5.4.0/avr5/libgcc.a(_copy_data.o)
 .text.libgcc   0x0000000000002a66        0x0 /usr/lib/gcc/avr/5.4.0/avr5/libgcc.a(_copy_data.o)
 .text.libgcc.prologue
                0x0000000000002a66        0x0 /usr/lib/gcc/avr/5.4.0/avr5/libgcc.a(_copy_data.o)
 .text.libgcc.builtins
                0x0000000000002a66        0x0 /usr/lib/gcc/avr/5.4.0/avr5/libgcc.a(_copy_data.o)
 .text.libgcc.fmul
                0x0000000000002a66        0x0 /usr/lib/gcc/avr/5.4.0/avr5/libgcc.a(_copy_data.o)
 .text.libgcc.fixed
                0x0000000000002a66        0x0 /usr/lib/gcc/avr/5.4.0/avr5/libgcc.a(_copy_data.o)
 .text.libgcc.mul
                0x0000000000002a66        0x0 /usr/lib/gcc/avr/5.4.0/avr5/libgcc.a(_clear_bss.o)
 .text.libgcc.div
                0x0000000000002a66        0x0 /usr/lib/gcc/avr/5.4.0/avr5/libgcc.a(_clear_bss.o)
 .text.libgcc   0x0000000000002a66        0x0 /usr/lib/gcc/avr/5.4.0/avr5/libgcc.a(_clear_bss.o)
 .text.libgcc.prologue
                0x0000000000002a66        0x0 /usr/lib/gcc/avr/5.4.0/avr5/libgcc.a(_clear_bss.o)
 .text.libgcc.builtins
                0x0000000000002a66        0x0 /usr/lib/gcc/avr/5.4.0/avr5/libgcc.a(_clear_bss.o)
 .text.libgcc.fmul
                0x0000000000002a66        0x0 /usr/lib/gcc/avr/5.4.0/avr5/libgcc.a(_clear_bss.o)
 .text.libgcc.fixed
                0x0000000000002a66        0x0 /usr/lib/gcc/avr/5.4.0/avr5/libgcc.a(_clear_bss.o)
 .text.libgcc.mul
                0x0000000000002a66       0x1e /usr/lib/gcc/avr/5.4.0/avr5/libgcc.a(_umulhisi3.o)
                0x0000000000002a66                __umulhisi3
 .text.libgcc.div
                0x0000000000002a84        0x0 /usr/lib/gcc/avr/5.4.0/avr5/libgcc.a(_umulhisi3.o)
 .text.libgcc   0x0000000000002a84        0x0 /usr/lib/gcc/avr/5.4.0/avr5/libgcc.a(_umulhisi3.o)
 .text.libgcc.prologue
                0x0000000000002a84        0x0 /usr/lib/gcc/avr/5.4.0/avr5/libgcc.a(_umulhisi3.o)
 .text.libgcc.builtins
                0x0000000000002a84        0x0 /usr/lib/gcc/avr/5.4.0/avr5/libgcc.a(_umulhisi3.o)
 .text.libgcc.fmul
                0x0000000000002a84        0x0 /usr/lib/gcc/avr/5.4.0/avr5/libgcc.a(_umulhisi3.o)
 .text.libgcc.fixed
                0x0000000000002a84        0x0 /usr/lib/gcc/avr/5.4.0/avr5/libgcc.a(_umulhisi3.o)
 .text.libgcc.mul
                0x0000000000002a84       0x16 /usr/lib/gcc/avr/5.4.0/avr5/libgcc.a(_muluhisi3.o)
                0x0000000000002a84                __muluhisi3
 .text.libgcc.div
                0x0000000000002a9a        0x0 /usr/lib/gcc/avr/5.4.0/avr5/libgcc.a(_muluhisi3.o)
 .text.libgcc   0x0000000000002a9a        0x0 /usr/lib/gcc/avr/5.4.0/avr5/libgcc.a(_muluhisi3.o)
 .text.libgcc.prologue
                0x0000000000002a9a        0x0 /usr/lib/gcc/avr/5.4.0/avr5/libgcc.a(_muluhisi3.o)
 .text.libgcc.builtins
                0x0000000000002a9a        0x0 /usr/lib/gcc/avr/5.4.0/avr5/libgcc.a(_muluhisi3.o)
 .text.libgcc.fmul
                0x0000000000002a9a        0x0 /usr/lib/gcc/avr/5.4.0/avr5/libgcc.a(_muluhisi3.o)
 .text.libgcc.fixed
                0x0000000000002a9a        0x0 /usr/lib/gcc/avr/5.4.0/avr5/libgcc.a(_muluhisi3.o)
                0x0000000000002a9a                . = ALIGN (0x2)
 *(.fini9)
 .fini9         0x0000000000002a9a        0x0 /usr/lib/gcc/avr/5.4.0/avr5/libgcc.a(_exit.o)
                0x0000000000002a9a                exit
                0x0000000000002a9a                _exit
 *(.fini9)
 *(.fini8)
 *(.fini8)
 *(.fini7)
 *(.fini7)
 *(.fini6)
 *(.fini6)
 *(.fini5)
 *(.fini5)
 *(.fini4)
 *(.fini4)
 *(.fini3)
 *(.fini3)
 *(.fini2)
 *(.fini2)
 *(.fini1)
 *(.fini1)
 *(.fini0)
 .fini0         0x0000000000002a9a        0x4 /usr/lib/gcc/avr/5.4.0/avr5/libgcc.a(_exit.o)
 *(.fini0)
                0x0000000000002a9e                _etext = .

.siminfo        0x0000000000002a9e       0x28
 .siminfo       0x0000000000002a9e       0x28 /home/nathan/Desktop/homework_7/lib_projc.a(uart.o)
                0x0000000000002a9e                siminfo_serial_out
                0x0000000000002aa9                siminfo_serial_in
                0x0000000000002ab4                siminfo_cpufrequency
                0x0000000000002aba                siminfo_device

.data           0x0000000000800100      0x2b8 load address 0x0000000000002ac6
                0x0000000000800100                PROVIDE (__data_start, .)
 *(.data)
 .data          0x0000000000800100        0x0 /usr/lib/gcc/avr/5.4.0/../../../avr/lib/avr5/crtatmega328p.o
 .data          0x0000000000800100        0x2 obj/Debug/main.o
                0x0000000000800100                current_temperature
 .data          0x0000000000800102        0x0 obj/Debug/tempfsm.o
 .data          0x0000000000800102        0x0 obj/Debug/util.o
 .data          0x0000000000800102        0x0 obj/Debug/wdt.o
 .data          0x0000000000800102        0x0 /home/nathan/Desktop/homework_7/lib_projc.a(alarm.o)
 .data          0x0000000000800102       0x12 /home/nathan/Desktop/homework_7/lib_projc.a(config.o)
 .data          0x0000000000800114        0x0 /home/nathan/Desktop/homework_7/lib_projc.a(delay.o)
 .data          0x0000000000800114        0x0 /home/nathan/Desktop/homework_7/lib_projc.a(eeprom.o)
 .data          0x0000000000800114        0x0 /home/nathan/Desktop/homework_7/lib_projc.a(led.o)
 .data          0x0000000000800114        0x0 /home/nathan/Desktop/homework_7/lib_projc.a(log.o)
 .data          0x0000000000800114       0x14 /home/nathan/Desktop/homework_7/lib_projc.a(rtc.o)
 .data          0x0000000000800128        0x0 /home/nathan/Desktop/homework_7/lib_projc.a(str.o)
 .data          0x0000000000800128        0x0 /home/nathan/Desktop/homework_7/lib_projc.a(temp.o)
 .data          0x0000000000800128        0x0 /home/nathan/Desktop/homework_7/lib_projc.a(timer1.o)
 .data          0x0000000000800128        0x0 /home/nathan/Desktop/homework_7/lib_projc.a(uart.o)
 .data          0x0000000000800128        0x0 /home/nathan/Desktop/homework_7/lib_projc.a(uartsocket.o)
 .data          0x0000000000800128        0x8 /home/nathan/Desktop/homework_7/lib_projc.a(util.o)
 .data          0x0000000000800130        0x0 /home/nathan/Desktop/homework_7/lib_projc.a(vpd.o)
 .data          0x0000000000800130        0x0 /home/nathan/Desktop/homework_7/lib_projc.a(serial.o)
 .data          0x0000000000800130        0x0 /usr/lib/gcc/avr/5.4.0/avr5/libgcc.a(_mulsi3.o)
 .data          0x0000000000800130        0x0 /usr/lib/gcc/avr/5.4.0/avr5/libgcc.a(_udivmodhi4.o)
 .data          0x0000000000800130        0x0 /usr/lib/gcc/avr/5.4.0/avr5/libgcc.a(_divmodhi4.o)
 .data          0x0000000000800130        0x0 /usr/lib/gcc/avr/5.4.0/avr5/libgcc.a(_udivmodsi4.o)
 .data          0x0000000000800130        0x0 /usr/lib/gcc/avr/5.4.0/avr5/libgcc.a(_divmodsi4.o)
 .data          0x0000000000800130        0x0 /usr/lib/gcc/avr/5.4.0/avr5/libgcc.a(_negsi2.o)
 .data          0x0000000000800130        0x0 /usr/lib/gcc/avr/5.4.0/avr5/libgcc.a(_exit.o)
 .data          0x0000000000800130        0x0 /usr/lib/gcc/avr/5.4.0/avr5/libgcc.a(_tablejump2.o)
 .data          0x0000000000800130        0x0 /usr/lib/gcc/avr/5.4.0/avr5/libgcc.a(_copy_data.o)
 .data          0x0000000000800130        0x0 /usr/lib/gcc/avr/5.4.0/avr5/libgcc.a(_clear_bss.o)
 .data          0x0000000000800130        0x0 /usr/lib/gcc/avr/5.4.0/avr5/libgcc.a(_umulhisi3.o)
 .data          0x0000000000800130        0x0 /usr/lib/gcc/avr/5.4.0/avr5/libgcc.a(_muluhisi3.o)
 *(.data*)
 *(.rodata)
 .rodata        0x0000000000800130       0x58 obj/Debug/main.o
 .rodata        0x0000000000800188        0x6 obj/Debug/tempfsm.o
 .rodata        0x000000000080018e        0xc /home/nathan/Desktop/homework_7/lib_projc.a(rtc.o)
 .rodata        0x000000000080019a       0x37 /home/nathan/Desktop/homework_7/lib_projc.a(vpd.o)
 *(.rodata*)
 .rodata.str1.1
                0x00000000008001d1        0xa /home/nathan/Desktop/homework_7/lib_projc.a(alarm.o)
                                          0xd (size before relaxing)
 .rodata.str1.1
                0x00000000008001db       0x14 /home/nathan/Desktop/homework_7/lib_projc.a(rtc.o)
 .rodata.str1.1
                0x00000000008001ef        0x3 /home/nathan/Desktop/homework_7/lib_projc.a(uart.o)
 .rodata.str1.1
                0x00000000008001ef      0x1c9 /home/nathan/Desktop/homework_7/lib_projc.a(uartsocket.o)
                                        0x1d6 (size before relaxing)
 *(.gnu.linkonce.d*)
                0x00000000008003b8                . = ALIGN (0x2)
                0x00000000008003b8                _edata = .
                0x00000000008003b8                PROVIDE (__data_end, .)

.bss            0x00000000008003b8      0x1f5
                0x00000000008003b8                PROVIDE (__bss_start, .)
 *(.bss)
 .bss           0x00000000008003b8        0x0 /usr/lib/gcc/avr/5.4.0/../../../avr/lib/avr5/crtatmega328p.o
 .bss           0x00000000008003b8        0x0 obj/Debug/main.o
 .bss           0x00000000008003b8        0x0 obj/Debug/tempfsm.o
 .bss           0x00000000008003b8        0x0 obj/Debug/util.o
 .bss           0x00000000008003b8        0x0 obj/Debug/wdt.o
 .bss           0x00000000008003b8        0x0 /home/nathan/Desktop/homework_7/lib_projc.a(alarm.o)
 .bss           0x00000000008003b8        0x1 /home/nathan/Desktop/homework_7/lib_projc.a(config.o)
 .bss           0x00000000008003b9        0xe /home/nathan/Desktop/homework_7/lib_projc.a(delay.o)
 .bss           0x00000000008003c7        0x0 /home/nathan/Desktop/homework_7/lib_projc.a(eeprom.o)
 .bss           0x00000000008003c7        0x5 /home/nathan/Desktop/homework_7/lib_projc.a(led.o)
 .bss           0x00000000008003cc       0x83 /home/nathan/Desktop/homework_7/lib_projc.a(log.o)
 .bss           0x000000000080044f        0x0 /home/nathan/Desktop/homework_7/lib_projc.a(rtc.o)
 .bss           0x000000000080044f        0x0 /home/nathan/Desktop/homework_7/lib_projc.a(str.o)
 .bss           0x000000000080044f        0x0 /home/nathan/Desktop/homework_7/lib_projc.a(temp.o)
 .bss           0x000000000080044f        0x4 /home/nathan/Desktop/homework_7/lib_projc.a(timer1.o)
 .bss           0x0000000000800453        0x0 /home/nathan/Desktop/homework_7/lib_projc.a(uart.o)
 .bss           0x0000000000800453       0x40 /home/nathan/Desktop/homework_7/lib_projc.a(uartsocket.o)
 .bss           0x0000000000800493        0x0 /home/nathan/Desktop/homework_7/lib_projc.a(util.o)
 .bss           0x0000000000800493        0x0 /home/nathan/Desktop/homework_7/lib_projc.a(vpd.o)
 .bss           0x0000000000800493        0x7 /home/nathan/Desktop/homework_7/lib_projc.a(serial.o)
                0x0000000000800493                txtail
                0x0000000000800494                txhead
                0x0000000000800495                rxtail
                0x0000000000800496                rxhead
 .bss           0x000000000080049a        0x0 /usr/lib/gcc/avr/5.4.0/avr5/libgcc.a(_mulsi3.o)
 .bss           0x000000000080049a        0x0 /usr/lib/gcc/avr/5.4.0/avr5/libgcc.a(_udivmodhi4.o)
 .bss           0x000000000080049a        0x0 /usr/lib/gcc/avr/5.4.0/avr5/libgcc.a(_divmodhi4.o)
 .bss           0x000000000080049a        0x0 /usr/lib/gcc/avr/5.4.0/avr5/libgcc.a(_udivmodsi4.o)
 .bss           0x000000000080049a        0x0 /usr/lib/gcc/avr/5.4.0/avr5/libgcc.a(_divmodsi4.o)
 .bss           0x000000000080049a        0x0 /usr/lib/gcc/avr/5.4.0/avr5/libgcc.a(_negsi2.o)
 .bss           0x000000000080049a        0x0 /usr/lib/gcc/avr/5.4.0/avr5/libgcc.a(_exit.o)
 .bss           0x000000000080049a        0x0 /usr/lib/gcc/avr/5.4.0/avr5/libgcc.a(_tablejump2.o)
 .bss           0x000000000080049a        0x0 /usr/lib/gcc/avr/5.4.0/avr5/libgcc.a(_copy_data.o)
 .bss           0x000000000080049a        0x0 /usr/lib/gcc/avr/5.4.0/avr5/libgcc.a(_clear_bss.o)
 .bss           0x000000000080049a        0x0 /usr/lib/gcc/avr/5.4.0/avr5/libgcc.a(_umulhisi3.o)
 .bss           0x000000000080049a        0x0 /usr/lib/gcc/avr/5.4.0/avr5/libgcc.a(_muluhisi3.o)
 *(.bss*)
 *(COMMON)
 COMMON         0x000000000080049a        0x1 obj/Debug/tempfsm.o
                0x000000000080049a                state
 COMMON         0x000000000080049b       0x12 /home/nathan/Desktop/homework_7/lib_projc.a(config.o)
                0x000000000080049b                config
 COMMON         0x00000000008004ad       0x45 /home/nathan/Desktop/homework_7/lib_projc.a(eeprom.o)
                0x00000000008004ad                write_busy
                0x00000000008004ae                writeaddr
                0x00000000008004b0                writesize
                0x00000000008004b1                writebuf
                0x00000000008004f1                bufidx
 COMMON         0x00000000008004f2        0x4 /home/nathan/Desktop/homework_7/lib_projc.a(rtc.o)
                0x00000000008004f2                rtc_base
 COMMON         0x00000000008004f6       0x37 /home/nathan/Desktop/homework_7/lib_projc.a(vpd.o)
                0x00000000008004f6                vpd
 COMMON         0x000000000080052d       0x80 /home/nathan/Desktop/homework_7/lib_projc.a(serial.o)
                0x000000000080052d                rxbuf
                0x000000000080056d                txbuf
                0x00000000008005ad                PROVIDE (__bss_end, .)
                0x0000000000002ac6                __data_load_start = LOADADDR (.data)
                0x0000000000002d7e                __data_load_end = (__data_load_start + SIZEOF (.data))

.noinit         0x00000000008005ad        0x0
                [!provide]                        PROVIDE (__noinit_start, .)
 *(.noinit*)
                [!provide]                        PROVIDE (__noinit_end, .)
                0x00000000008005ad                _end = .
                [!provide]                        PROVIDE (__heap_start, .)

.eeprom         0x0000000000810000        0x0
 *(.eeprom*)
                0x0000000000810000                __eeprom_end = .

.fuse
 *(.fuse)
 *(.lfuse)
 *(.hfuse)
 *(.efuse)

.lock
 *(.lock*)

.signature
 *(.signature*)

.user_signatures
 *(.user_signatures*)

.stab           0x0000000000000000     0x1770
 *(.stab)
 .stab          0x0000000000000000      0x504 obj/Debug/main.o
 .stab          0x0000000000000504      0x90c obj/Debug/tempfsm.o
                                        0x918 (size before relaxing)
 .stab          0x0000000000000e10      0x54c obj/Debug/util.o
                                        0x570 (size before relaxing)
 .stab          0x000000000000135c      0x414 obj/Debug/wdt.o
                                        0x438 (size before relaxing)

.stabstr        0x0000000000000000      0xc93
 *(.stabstr)
 .stabstr       0x0000000000000000      0xc93 obj/Debug/main.o

.stab.excl
 *(.stab.excl)

.stab.exclstr
 *(.stab.exclstr)

.stab.index
 *(.stab.index)

.stab.indexstr
 *(.stab.indexstr)

.comment        0x0000000000000000       0x11
 *(.comment)
 .comment       0x0000000000000000       0x11 obj/Debug/main.o
                                         0x12 (size before relaxing)
 .comment       0x0000000000000011       0x12 obj/Debug/tempfsm.o
 .comment       0x0000000000000011       0x12 obj/Debug/util.o
 .comment       0x0000000000000011       0x12 obj/Debug/wdt.o
 .comment       0x0000000000000011       0x12 /home/nathan/Desktop/homework_7/lib_projc.a(alarm.o)
 .comment       0x0000000000000011       0x12 /home/nathan/Desktop/homework_7/lib_projc.a(config.o)
 .comment       0x0000000000000011       0x12 /home/nathan/Desktop/homework_7/lib_projc.a(delay.o)
 .comment       0x0000000000000011       0x12 /home/nathan/Desktop/homework_7/lib_projc.a(eeprom.o)
 .comment       0x0000000000000011       0x12 /home/nathan/Desktop/homework_7/lib_projc.a(led.o)
 .comment       0x0000000000000011       0x12 /home/nathan/Desktop/homework_7/lib_projc.a(log.o)
 .comment       0x0000000000000011       0x12 /home/nathan/Desktop/homework_7/lib_projc.a(rtc.o)
 .comment       0x0000000000000011       0x12 /home/nathan/Desktop/homework_7/lib_projc.a(str.o)
 .comment       0x0000000000000011       0x12 /home/nathan/Desktop/homework_7/lib_projc.a(temp.o)
 .comment       0x0000000000000011       0x12 /home/nathan/Desktop/homework_7/lib_projc.a(timer1.o)
 .comment       0x0000000000000011       0x12 /home/nathan/Desktop/homework_7/lib_projc.a(uart.o)
 .comment       0x0000000000000011       0x12 /home/nathan/Desktop/homework_7/lib_projc.a(uartsocket.o)
 .comment       0x0000000000000011       0x12 /home/nathan/Desktop/homework_7/lib_projc.a(util.o)
 .comment       0x0000000000000011       0x12 /home/nathan/Desktop/homework_7/lib_projc.a(vpd.o)
 .comment       0x0000000000000011       0x12 /home/nathan/Desktop/homework_7/lib_projc.a(serial.o)

.note.gnu.avr.deviceinfo
                0x0000000000000000       0x40
 .note.gnu.avr.deviceinfo
                0x0000000000000000       0x40 /usr/lib/gcc/avr/5.4.0/../../../avr/lib/avr5/crtatmega328p.o

.note.gnu.build-id
 *(.note.gnu.build-id)

.debug
 *(.debug)

.line
 *(.line)

.debug_srcinfo
 *(.debug_srcinfo)

.debug_sfnames
 *(.debug_sfnames)

.debug_aranges
 *(.debug_aranges)

.debug_pubnames
 *(.debug_pubnames)

.debug_info     0x0000000000000000      0x5f4
 *(.debug_info .gnu.linkonce.wi.*)
 .debug_info    0x0000000000000000      0x5f4 /usr/lib/gcc/avr/5.4.0/../../../avr/lib/avr5/crtatmega328p.o

.debug_abbrev   0x0000000000000000      0x5a2
 *(.debug_abbrev)
 .debug_abbrev  0x0000000000000000      0x5a2 /usr/lib/gcc/avr/5.4.0/../../../avr/lib/avr5/crtatmega328p.o

.debug_line     0x0000000000000000       0x1a
 *(.debug_line .debug_line.* .debug_line_end)
 .debug_line    0x0000000000000000       0x1a /usr/lib/gcc/avr/5.4.0/../../../avr/lib/avr5/crtatmega328p.o

.debug_frame
 *(.debug_frame)

.debug_str      0x0000000000000000      0x208
 *(.debug_str)
 .debug_str     0x0000000000000000      0x208 /usr/lib/gcc/avr/5.4.0/../../../avr/lib/avr5/crtatmega328p.o

.debug_loc
 *(.debug_loc)

.debug_macinfo
 *(.debug_macinfo)

.debug_weaknames
 *(.debug_weaknames)

.debug_funcnames
 *(.debug_funcnames)

.debug_typenames
 *(.debug_typenames)

.debug_varnames
 *(.debug_varnames)

.debug_pubtypes
 *(.debug_pubtypes)

.debug_ranges
 *(.debug_ranges)

.debug_macro
 *(.debug_macro)
OUTPUT(bin/Debug/project_3.elf elf32-avr)
LOAD linker stubs

Cross Reference Table

Symbol                                            File
__FUSE_REGION_LENGTH__                            /usr/lib/gcc/avr/5.4.0/../../../avr/lib/avr5/crtatmega328p.o
__bad_interrupt                                   /usr/lib/gcc/avr/5.4.0/../../../avr/lib/avr5/crtatmega328p.o
__bss_end                                         /usr/lib/gcc/avr/5.4.0/avr5/libgcc.a(_clear_bss.o)
__bss_start                                       /usr/lib/gcc/avr/5.4.0/avr5/libgcc.a(_clear_bss.o)
__data_end                                        /usr/lib/gcc/avr/5.4.0/avr5/libgcc.a(_copy_data.o)
__data_load_start                                 /usr/lib/gcc/avr/5.4.0/avr5/libgcc.a(_copy_data.o)
__data_start                                      /usr/lib/gcc/avr/5.4.0/avr5/libgcc.a(_copy_data.o)
__divmodhi4                                       /usr/lib/gcc/avr/5.4.0/avr5/libgcc.a(_divmodhi4.o)
                                                  /home/nathan/Desktop/homework_7/lib_projc.a(log.o)
__divmodsi4                                       /usr/lib/gcc/avr/5.4.0/avr5/libgcc.a(_divmodsi4.o)
                                                  /home/nathan/Desktop/homework_7/lib_projc.a(uart.o)
                                                  /home/nathan/Desktop/homework_7/lib_projc.a(temp.o)
__do_clear_bss                                    /usr/lib/gcc/avr/5.4.0/avr5/libgcc.a(_clear_bss.o)
                                                  /home/nathan/Desktop/homework_7/lib_projc.a(serial.o)
                                                  /home/nathan/Desktop/homework_7/lib_projc.a(vpd.o)
                                                  /home/nathan/Desktop/homework_7/lib_projc.a(uartsocket.o)
                                                  /home/nathan/Desktop/homework_7/lib_projc.a(timer1.o)
                                                  /home/nathan/Desktop/homework_7/lib_projc.a(rtc.o)
                                                  /home/nathan/Desktop/homework_7/lib_projc.a(log.o)
                                                  /home/nathan/Desktop/homework_7/lib_projc.a(led.o)
                                                  /home/nathan/Desktop/homework_7/lib_projc.a(eeprom.o)
                                                  /home/nathan/Desktop/homework_7/lib_projc.a(delay.o)
                                                  /home/nathan/Desktop/homework_7/lib_projc.a(config.o)
                                                  obj/Debug/tempfsm.o
__do_copy_data                                    /usr/lib/gcc/avr/5.4.0/avr5/libgcc.a(_copy_data.o)
                                                  /home/nathan/Desktop/homework_7/lib_projc.a(vpd.o)
                                                  /home/nathan/Desktop/homework_7/lib_projc.a(util.o)
                                                  /home/nathan/Desktop/homework_7/lib_projc.a(uartsocket.o)
                                                  /home/nathan/Desktop/homework_7/lib_projc.a(uart.o)
                                                  /home/nathan/Desktop/homework_7/lib_projc.a(rtc.o)
                                                  /home/nathan/Desktop/homework_7/lib_projc.a(config.o)
                                                  /home/nathan/Desktop/homework_7/lib_projc.a(alarm.o)
                                                  obj/Debug/tempfsm.o
                                                  obj/Debug/main.o
__heap_end                                        /usr/lib/gcc/avr/5.4.0/../../../avr/lib/avr5/crtatmega328p.o
__init                                            /usr/lib/gcc/avr/5.4.0/../../../avr/lib/avr5/crtatmega328p.o
__mulsi3                                          /usr/lib/gcc/avr/5.4.0/avr5/libgcc.a(_mulsi3.o)
                                                  /home/nathan/Desktop/homework_7/lib_projc.a(rtc.o)
__muluhisi3                                       /usr/lib/gcc/avr/5.4.0/avr5/libgcc.a(_muluhisi3.o)
                                                  /usr/lib/gcc/avr/5.4.0/avr5/libgcc.a(_mulsi3.o)
                                                  /home/nathan/Desktop/homework_7/lib_projc.a(util.o)
                                                  /home/nathan/Desktop/homework_7/lib_projc.a(uart.o)
                                                  /home/nathan/Desktop/homework_7/lib_projc.a(temp.o)
                                                  /home/nathan/Desktop/homework_7/lib_projc.a(rtc.o)
__negsi2                                          /usr/lib/gcc/avr/5.4.0/avr5/libgcc.a(_negsi2.o)
                                                  /usr/lib/gcc/avr/5.4.0/avr5/libgcc.a(_divmodsi4.o)
__stack                                           /usr/lib/gcc/avr/5.4.0/../../../avr/lib/avr5/crtatmega328p.o
__tablejump2__                                    /usr/lib/gcc/avr/5.4.0/avr5/libgcc.a(_tablejump2.o)
                                                  obj/Debug/tempfsm.o
__udivmodhi4                                      /usr/lib/gcc/avr/5.4.0/avr5/libgcc.a(_udivmodhi4.o)
                                                  /usr/lib/gcc/avr/5.4.0/avr5/libgcc.a(_divmodhi4.o)
                                                  /home/nathan/Desktop/homework_7/lib_projc.a(str.o)
                                                  /home/nathan/Desktop/homework_7/lib_projc.a(rtc.o)
__udivmodsi4                                      /usr/lib/gcc/avr/5.4.0/avr5/libgcc.a(_udivmodsi4.o)
                                                  /usr/lib/gcc/avr/5.4.0/avr5/libgcc.a(_divmodsi4.o)
                                                  /home/nathan/Desktop/homework_7/lib_projc.a(util.o)
                                                  /home/nathan/Desktop/homework_7/lib_projc.a(rtc.o)
__umulhisi3                                       /usr/lib/gcc/avr/5.4.0/avr5/libgcc.a(_umulhisi3.o)
                                                  /usr/lib/gcc/avr/5.4.0/avr5/libgcc.a(_muluhisi3.o)
                                                  /home/nathan/Desktop/homework_7/lib_projc.a(rtc.o)
__vector_1                                        /usr/lib/gcc/avr/5.4.0/../../../avr/lib/avr5/crtatmega328p.o
__vector_10                                       /usr/lib/gcc/avr/5.4.0/../../../avr/lib/avr5/crtatmega328p.o
__vector_11                                       /home/nathan/Desktop/homework_7/lib_projc.a(timer1.o)
                                                  /usr/lib/gcc/avr/5.4.0/../../../avr/lib/avr5/crtatmega328p.o
__vector_12                                       /usr/lib/gcc/avr/5.4.0/../../../avr/lib/avr5/crtatmega328p.o
__vector_13                                       /usr/lib/gcc/avr/5.4.0/../../../avr/lib/avr5/crtatmega328p.o
__vector_14                                       /home/nathan/Desktop/homework_7/lib_projc.a(delay.o)
                                                  /usr/lib/gcc/avr/5.4.0/../../../avr/lib/avr5/crtatmega328p.o
__vector_15                                       /usr/lib/gcc/avr/5.4.0/../../../avr/lib/avr5/crtatmega328p.o
__vector_16                                       /usr/lib/gcc/avr/5.4.0/../../../avr/lib/avr5/crtatmega328p.o
__vector_17                                       /usr/lib/gcc/avr/5.4.0/../../../avr/lib/avr5/crtatmega328p.o
__vector_18                                       /home/nathan/Desktop/homework_7/lib_projc.a(serial.o)
                                                  /usr/lib/gcc/avr/5.4.0/../../../avr/lib/avr5/crtatmega328p.o
__vector_19                                       /home/nathan/Desktop/homework_7/lib_projc.a(serial.o)
                                                  /usr/lib/gcc/avr/5.4.0/../../../avr/lib/avr5/crtatmega328p.o
__vector_2                                        /usr/lib/gcc/avr/5.4.0/../../../avr/lib/avr5/crtatmega328p.o
__vector_20                                       /usr/lib/gcc/avr/5.4.0/../../../avr/lib/avr5/crtatmega328p.o
__vector_21                                       /usr/lib/gcc/avr/5.4.0/../../../avr/lib/avr5/crtatmega328p.o
__vector_22                                       /home/nathan/Desktop/homework_7/lib_projc.a(eeprom.o)
                                                  /usr/lib/gcc/avr/5.4.0/../../../avr/lib/avr5/crtatmega328p.o
__vector_23                                       /usr/lib/gcc/avr/5.4.0/../../../avr/lib/avr5/crtatmega328p.o
__vector_24                                       /usr/lib/gcc/avr/5.4.0/../../../avr/lib/avr5/crtatmega328p.o
__vector_25                                       /usr/lib/gcc/avr/5.4.0/../../../avr/lib/avr5/crtatmega328p.o
__vector_3                                        /usr/lib/gcc/avr/5.4.0/../../../avr/lib/avr5/crtatmega328p.o
__vector_4                                        /usr/lib/gcc/avr/5.4.0/../../../avr/lib/avr5/crtatmega328p.o
__vector_5                                        /usr/lib/gcc/avr/5.4.0/../../../avr/lib/avr5/crtatmega328p.o
__vector_6                                        obj/Debug/wdt.o
                                                  /usr/lib/gcc/avr/5.4.0/../../../avr/lib/avr5/crtatmega328p.o
__vector_7                                        /usr/lib/gcc/avr/5.4.0/../../../avr/lib/avr5/crtatmega328p.o
__vector_8                                        /usr/lib/gcc/avr/5.4.0/../../../avr/lib/avr5/crtatmega328p.o
__vector_9                                        /usr/lib/gcc/avr/5.4.0/../../../avr/lib/avr5/crtatmega328p.o
__vector_default                                  /usr/lib/gcc/avr/5.4.0/../../../avr/lib/avr5/crtatmega328p.o
__vectors                                         /usr/lib/gcc/avr/5.4.0/../../../avr/lib/avr5/crtatmega328p.o
_div                                              /usr/lib/gcc/avr/5.4.0/avr5/libgcc.a(_divmodhi4.o)
_exit                                             /usr/lib/gcc/avr/5.4.0/avr5/libgcc.a(_exit.o)
alarm_init                                        /home/nathan/Desktop/homework_7/lib_projc.a(alarm.o)
                                                  obj/Debug/tempfsm.o
                                                  obj/Debug/main.o
alarm_send                                        /home/nathan/Desktop/homework_7/lib_projc.a(alarm.o)
                                                  obj/Debug/tempfsm.o
bufidx                                            /home/nathan/Desktop/homework_7/lib_projc.a(eeprom.o)
config                                            /home/nathan/Desktop/homework_7/lib_projc.a(config.o)
                                                  /home/nathan/Desktop/homework_7/lib_projc.a(uartsocket.o)
                                                  obj/Debug/util.o
                                                  obj/Debug/main.o
config_init                                       /home/nathan/Desktop/homework_7/lib_projc.a(config.o)
                                                  obj/Debug/main.o
config_is_data_valid                              /home/nathan/Desktop/homework_7/lib_projc.a(config.o)
config_set_modified                               /home/nathan/Desktop/homework_7/lib_projc.a(config.o)
                                                  obj/Debug/util.o
config_update                                     /home/nathan/Desktop/homework_7/lib_projc.a(config.o)
                                                  obj/Debug/util.o
                                                  obj/Debug/main.o
config_update_noisr                               /home/nathan/Desktop/homework_7/lib_projc.a(config.o)
                                                  obj/Debug/wdt.o
config_write_defaults                             /home/nathan/Desktop/homework_7/lib_projc.a(config.o)
current_temperature                               obj/Debug/main.o
                                                  /home/nathan/Desktop/homework_7/lib_projc.a(uartsocket.o)
delay_get                                         /home/nathan/Desktop/homework_7/lib_projc.a(delay.o)
delay_init                                        /home/nathan/Desktop/homework_7/lib_projc.a(delay.o)
delay_isdone                                      /home/nathan/Desktop/homework_7/lib_projc.a(delay.o)
                                                  /home/nathan/Desktop/homework_7/lib_projc.a(led.o)
                                                  obj/Debug/main.o
delay_set                                         /home/nathan/Desktop/homework_7/lib_projc.a(delay.o)
                                                  /home/nathan/Desktop/homework_7/lib_projc.a(led.o)
                                                  obj/Debug/main.o
eeprom_isbusy                                     /home/nathan/Desktop/homework_7/lib_projc.a(eeprom.o)
                                                  /home/nathan/Desktop/homework_7/lib_projc.a(vpd.o)
                                                  /home/nathan/Desktop/homework_7/lib_projc.a(log.o)
                                                  /home/nathan/Desktop/homework_7/lib_projc.a(config.o)
                                                  obj/Debug/main.o
eeprom_readbuf                                    /home/nathan/Desktop/homework_7/lib_projc.a(eeprom.o)
                                                  /home/nathan/Desktop/homework_7/lib_projc.a(vpd.o)
                                                  /home/nathan/Desktop/homework_7/lib_projc.a(log.o)
                                                  /home/nathan/Desktop/homework_7/lib_projc.a(config.o)
eeprom_startwrite                                 /home/nathan/Desktop/homework_7/lib_projc.a(eeprom.o)
eeprom_writebuf                                   /home/nathan/Desktop/homework_7/lib_projc.a(eeprom.o)
                                                  /home/nathan/Desktop/homework_7/lib_projc.a(vpd.o)
                                                  /home/nathan/Desktop/homework_7/lib_projc.a(log.o)
                                                  /home/nathan/Desktop/homework_7/lib_projc.a(config.o)
eeprom_writebuf_noisr                             /home/nathan/Desktop/homework_7/lib_projc.a(eeprom.o)
                                                  /home/nathan/Desktop/homework_7/lib_projc.a(log.o)
                                                  /home/nathan/Desktop/homework_7/lib_projc.a(config.o)
exit                                              /usr/lib/gcc/avr/5.4.0/avr5/libgcc.a(_exit.o)
                                                  /usr/lib/gcc/avr/5.4.0/../../../avr/lib/avr5/crtatmega328p.o
get_month                                         /home/nathan/Desktop/homework_7/lib_projc.a(rtc.o)
is_leapyear                                       /home/nathan/Desktop/homework_7/lib_projc.a(rtc.o)
led_init                                          /home/nathan/Desktop/homework_7/lib_projc.a(led.o)
                                                  obj/Debug/main.o
led_is_on                                         /home/nathan/Desktop/homework_7/lib_projc.a(led.o)
led_off                                           /home/nathan/Desktop/homework_7/lib_projc.a(led.o)
led_on                                            /home/nathan/Desktop/homework_7/lib_projc.a(led.o)
led_set_blink                                     /home/nathan/Desktop/homework_7/lib_projc.a(led.o)
                                                  obj/Debug/tempfsm.o
led_update                                        /home/nathan/Desktop/homework_7/lib_projc.a(led.o)
                                                  obj/Debug/main.o
log_add_record                                    /home/nathan/Desktop/homework_7/lib_projc.a(log.o)
                                                  obj/Debug/wdt.o
                                                  obj/Debug/tempfsm.o
                                                  obj/Debug/main.o
log_clear                                         /home/nathan/Desktop/homework_7/lib_projc.a(log.o)
                                                  /home/nathan/Desktop/homework_7/lib_projc.a(uartsocket.o)
log_get_num_entries                               /home/nathan/Desktop/homework_7/lib_projc.a(log.o)
                                                  /home/nathan/Desktop/homework_7/lib_projc.a(uartsocket.o)
log_get_record                                    /home/nathan/Desktop/homework_7/lib_projc.a(log.o)
                                                  /home/nathan/Desktop/homework_7/lib_projc.a(uartsocket.o)
log_init                                          /home/nathan/Desktop/homework_7/lib_projc.a(log.o)
                                                  obj/Debug/main.o
log_is_data_valid                                 /home/nathan/Desktop/homework_7/lib_projc.a(log.o)
log_update                                        /home/nathan/Desktop/homework_7/lib_projc.a(log.o)
                                                  obj/Debug/main.o
log_update_noisr                                  /home/nathan/Desktop/homework_7/lib_projc.a(log.o)
                                                  obj/Debug/wdt.o
main                                              obj/Debug/main.o
                                                  /usr/lib/gcc/avr/5.4.0/../../../avr/lib/avr5/crtatmega328p.o
mem_cmp                                           /home/nathan/Desktop/homework_7/lib_projc.a(str.o)
mem_cpy                                           /home/nathan/Desktop/homework_7/lib_projc.a(str.o)
mem_set                                           /home/nathan/Desktop/homework_7/lib_projc.a(str.o)
millis                                            /home/nathan/Desktop/homework_7/lib_projc.a(delay.o)
parse_and_send_response                           /home/nathan/Desktop/homework_7/lib_projc.a(uartsocket.o)
                                                  obj/Debug/main.o
random                                            /home/nathan/Desktop/homework_7/lib_projc.a(util.o)
random_seed                                       /home/nathan/Desktop/homework_7/lib_projc.a(util.o)
rtc_base                                          /home/nathan/Desktop/homework_7/lib_projc.a(rtc.o)
rtc_get_date                                      /home/nathan/Desktop/homework_7/lib_projc.a(rtc.o)
                                                  /home/nathan/Desktop/homework_7/lib_projc.a(log.o)
rtc_get_date_string                               /home/nathan/Desktop/homework_7/lib_projc.a(rtc.o)
rtc_init                                          /home/nathan/Desktop/homework_7/lib_projc.a(rtc.o)
                                                  obj/Debug/main.o
rtc_num2datestr                                   /home/nathan/Desktop/homework_7/lib_projc.a(rtc.o)
                                                  /home/nathan/Desktop/homework_7/lib_projc.a(uartsocket.o)
rtc_set_by_datestr                                /home/nathan/Desktop/homework_7/lib_projc.a(rtc.o)
rtc_set_date                                      /home/nathan/Desktop/homework_7/lib_projc.a(rtc.o)
rxbuf                                             /home/nathan/Desktop/homework_7/lib_projc.a(serial.o)
rxhead                                            /home/nathan/Desktop/homework_7/lib_projc.a(serial.o)
rxtail                                            /home/nathan/Desktop/homework_7/lib_projc.a(serial.o)
serial_init                                       /home/nathan/Desktop/homework_7/lib_projc.a(serial.o)
                                                  /home/nathan/Desktop/homework_7/lib_projc.a(uart.o)
serial_is_packet_ready                            /home/nathan/Desktop/homework_7/lib_projc.a(serial.o)
                                                  /home/nathan/Desktop/homework_7/lib_projc.a(uartsocket.o)
                                                  /home/nathan/Desktop/homework_7/lib_projc.a(uart.o)
serial_isconnected                                /home/nathan/Desktop/homework_7/lib_projc.a(serial.o)
                                                  /home/nathan/Desktop/homework_7/lib_projc.a(uartsocket.o)
                                                  /home/nathan/Desktop/homework_7/lib_projc.a(uart.o)
serial_popchar                                    /home/nathan/Desktop/homework_7/lib_projc.a(serial.o)
                                                  /home/nathan/Desktop/homework_7/lib_projc.a(uartsocket.o)
                                                  /home/nathan/Desktop/homework_7/lib_projc.a(uart.o)
serial_rxchars                                    /home/nathan/Desktop/homework_7/lib_projc.a(serial.o)
                                                  /home/nathan/Desktop/homework_7/lib_projc.a(uartsocket.o)
                                                  /home/nathan/Desktop/homework_7/lib_projc.a(uart.o)
serial_writechar                                  /home/nathan/Desktop/homework_7/lib_projc.a(serial.o)
                                                  /home/nathan/Desktop/homework_7/lib_projc.a(uart.o)
serial_writestr                                   /home/nathan/Desktop/homework_7/lib_projc.a(serial.o)
serial_writestr_P                                 /home/nathan/Desktop/homework_7/lib_projc.a(serial.o)
siminfo_cpufrequency                              /home/nathan/Desktop/homework_7/lib_projc.a(uart.o)
siminfo_device                                    /home/nathan/Desktop/homework_7/lib_projc.a(uart.o)
siminfo_serial_in                                 /home/nathan/Desktop/homework_7/lib_projc.a(uart.o)
siminfo_serial_out                                /home/nathan/Desktop/homework_7/lib_projc.a(uart.o)
state                                             obj/Debug/tempfsm.o
state_hi_crit                                     obj/Debug/tempfsm.o
state_hi_warn                                     obj/Debug/tempfsm.o
state_lo_crit                                     obj/Debug/tempfsm.o
state_lo_warn                                     obj/Debug/tempfsm.o
state_norm                                        obj/Debug/tempfsm.o
str_cmp                                           /home/nathan/Desktop/homework_7/lib_projc.a(util.o)
                                                  /home/nathan/Desktop/homework_7/lib_projc.a(uartsocket.o)
str_cpy                                           /home/nathan/Desktop/homework_7/lib_projc.a(str.o)
                                                  /home/nathan/Desktop/homework_7/lib_projc.a(rtc.o)
str_len                                           /home/nathan/Desktop/homework_7/lib_projc.a(str.o)
str_writeudec16                                   /home/nathan/Desktop/homework_7/lib_projc.a(str.o)
                                                  /home/nathan/Desktop/homework_7/lib_projc.a(rtc.o)
strtoi                                            /home/nathan/Desktop/homework_7/lib_projc.a(util.o)
temp_get                                          /home/nathan/Desktop/homework_7/lib_projc.a(temp.o)
                                                  obj/Debug/main.o
temp_init                                         /home/nathan/Desktop/homework_7/lib_projc.a(temp.o)
                                                  obj/Debug/main.o
temp_is_data_ready                                /home/nathan/Desktop/homework_7/lib_projc.a(temp.o)
temp_start                                        /home/nathan/Desktop/homework_7/lib_projc.a(temp.o)
                                                  obj/Debug/main.o
tempfsm_init                                      obj/Debug/tempfsm.o
                                                  obj/Debug/main.o
tempfsm_reset                                     obj/Debug/tempfsm.o
tempfsm_update                                    obj/Debug/tempfsm.o
                                                  obj/Debug/main.o
timer1_clear                                      /home/nathan/Desktop/homework_7/lib_projc.a(timer1.o)
                                                  /home/nathan/Desktop/homework_7/lib_projc.a(rtc.o)
timer1_get                                        /home/nathan/Desktop/homework_7/lib_projc.a(timer1.o)
                                                  /home/nathan/Desktop/homework_7/lib_projc.a(rtc.o)
timer1_init                                       /home/nathan/Desktop/homework_7/lib_projc.a(timer1.o)
                                                  /home/nathan/Desktop/homework_7/lib_projc.a(rtc.o)
txbuf                                             /home/nathan/Desktop/homework_7/lib_projc.a(serial.o)
txhead                                            /home/nathan/Desktop/homework_7/lib_projc.a(serial.o)
txtail                                            /home/nathan/Desktop/homework_7/lib_projc.a(serial.o)
uart_init                                         /home/nathan/Desktop/homework_7/lib_projc.a(uart.o)
                                                  obj/Debug/main.o
uart_is_connected                                 /home/nathan/Desktop/homework_7/lib_projc.a(uart.o)
uart_is_packet_available                          /home/nathan/Desktop/homework_7/lib_projc.a(uart.o)
uart_readpacket                                   /home/nathan/Desktop/homework_7/lib_projc.a(uart.o)
uart_writechar                                    /home/nathan/Desktop/homework_7/lib_projc.a(uart.o)
                                                  /home/nathan/Desktop/homework_7/lib_projc.a(uartsocket.o)
uart_writedec32                                   /home/nathan/Desktop/homework_7/lib_projc.a(uart.o)
                                                  /home/nathan/Desktop/homework_7/lib_projc.a(uartsocket.o)
                                                  /home/nathan/Desktop/homework_7/lib_projc.a(alarm.o)
uart_writehex16                                   /home/nathan/Desktop/homework_7/lib_projc.a(uart.o)
                                                  /home/nathan/Desktop/homework_7/lib_projc.a(uartsocket.o)
uart_writehex8                                    /home/nathan/Desktop/homework_7/lib_projc.a(uart.o)
                                                  /home/nathan/Desktop/homework_7/lib_projc.a(uartsocket.o)
uart_writeip                                      /home/nathan/Desktop/homework_7/lib_projc.a(uart.o)
uart_writestr                                     /home/nathan/Desktop/homework_7/lib_projc.a(uart.o)
                                                  /home/nathan/Desktop/homework_7/lib_projc.a(uartsocket.o)
                                                  /home/nathan/Desktop/homework_7/lib_projc.a(alarm.o)
                                                  obj/Debug/main.o
uartsocket_is_connected                           /home/nathan/Desktop/homework_7/lib_projc.a(uartsocket.o)
                                                  obj/Debug/main.o
uartsocket_is_packet_available                    /home/nathan/Desktop/homework_7/lib_projc.a(uartsocket.o)
                                                  obj/Debug/main.o
uartsocket_readpacket                             /home/nathan/Desktop/homework_7/lib_projc.a(uartsocket.o)
uartsocket_writechar                              /home/nathan/Desktop/homework_7/lib_projc.a(uartsocket.o)
uartsocket_writedec32                             /home/nathan/Desktop/homework_7/lib_projc.a(uartsocket.o)
uartsocket_writehex16                             /home/nathan/Desktop/homework_7/lib_projc.a(uartsocket.o)
uartsocket_writehex8                              /home/nathan/Desktop/homework_7/lib_projc.a(uartsocket.o)
uartsocket_writestr                               /home/nathan/Desktop/homework_7/lib_projc.a(uartsocket.o)
                                                  obj/Debug/main.o
update_checksum                                   /home/nathan/Desktop/homework_7/lib_projc.a(util.o)
                                                  /home/nathan/Desktop/homework_7/lib_projc.a(vpd.o)
                                                  /home/nathan/Desktop/homework_7/lib_projc.a(log.o)
                                                  /home/nathan/Desktop/homework_7/lib_projc.a(config.o)
update_tcrit_hi                                   obj/Debug/util.o
                                                  /home/nathan/Desktop/homework_7/lib_projc.a(uartsocket.o)
update_tcrit_lo                                   obj/Debug/util.o
                                                  /home/nathan/Desktop/homework_7/lib_projc.a(uartsocket.o)
update_twarn_hi                                   obj/Debug/util.o
                                                  /home/nathan/Desktop/homework_7/lib_projc.a(uartsocket.o)
update_twarn_lo                                   obj/Debug/util.o
                                                  /home/nathan/Desktop/homework_7/lib_projc.a(uartsocket.o)
vpd                                               /home/nathan/Desktop/homework_7/lib_projc.a(vpd.o)
                                                  /home/nathan/Desktop/homework_7/lib_projc.a(uartsocket.o)
vpd_init                                          /home/nathan/Desktop/homework_7/lib_projc.a(vpd.o)
                                                  obj/Debug/main.o
vpd_is_data_valid                                 /home/nathan/Desktop/homework_7/lib_projc.a(vpd.o)
vpd_write_defaults                                /home/nathan/Desktop/homework_7/lib_projc.a(vpd.o)
wdt_force_restart                                 obj/Debug/wdt.o
                                                  /home/nathan/Desktop/homework_7/lib_projc.a(uartsocket.o)
wdt_init                                          obj/Debug/wdt.o
                                                  obj/Debug/main.o
wdt_reset                                         obj/Debug/wdt.o
                                                  obj/Debug/main.o
write_busy                                        /home/nathan/Desktop/homework_7/lib_projc.a(eeprom.o)
writeaddr                                         /home/nathan/Desktop/homework_7/lib_projc.a(eeprom.o)
writebuf                                          /home/nathan/Desktop/homework_7/lib_projc.a(eeprom.o)
writesize                                         /home/nathan/Desktop/homework_7/lib_projc.a(eeprom.o)
